Archive member included to satisfy reference by file (symbol)

c:/ti/gcc-arm-none-eabi-6-2017-q1-update/bin/../lib/gcc/arm-none-eabi/6.3.1/../../../../arm-none-eabi/lib/hard\libc.a(lib_a-exit.o)
                              c:/ti/gcc-arm-none-eabi-6-2017-q1-update/bin/../lib/gcc/arm-none-eabi/6.3.1/../../../../arm-none-eabi/lib/hard/crt0.o (exit)
c:/ti/gcc-arm-none-eabi-6-2017-q1-update/bin/../lib/gcc/arm-none-eabi/6.3.1/../../../../arm-none-eabi/lib/hard\libc.a(lib_a-impure.o)
                              c:/ti/gcc-arm-none-eabi-6-2017-q1-update/bin/../lib/gcc/arm-none-eabi/6.3.1/../../../../arm-none-eabi/lib/hard\libc.a(lib_a-exit.o) (_global_impure_ptr)
c:/ti/gcc-arm-none-eabi-6-2017-q1-update/bin/../lib/gcc/arm-none-eabi/6.3.1/../../../../arm-none-eabi/lib/hard\libc.a(lib_a-init.o)
                              c:/ti/gcc-arm-none-eabi-6-2017-q1-update/bin/../lib/gcc/arm-none-eabi/6.3.1/../../../../arm-none-eabi/lib/hard/crt0.o (__libc_init_array)
c:/ti/gcc-arm-none-eabi-6-2017-q1-update/bin/../lib/gcc/arm-none-eabi/6.3.1/../../../../arm-none-eabi/lib/hard\libc.a(lib_a-memset.o)
                              c:/ti/gcc-arm-none-eabi-6-2017-q1-update/bin/../lib/gcc/arm-none-eabi/6.3.1/../../../../arm-none-eabi/lib/hard/crt0.o (memset)
c:/ti/gcc-arm-none-eabi-6-2017-q1-update/bin/../lib/gcc/arm-none-eabi/6.3.1/../../../../arm-none-eabi/lib/hard\libc.a(lib_a-__call_atexit.o)
                              c:/ti/gcc-arm-none-eabi-6-2017-q1-update/bin/../lib/gcc/arm-none-eabi/6.3.1/../../../../arm-none-eabi/lib/hard\libc.a(lib_a-exit.o) (__call_exitprocs)
c:/ti/gcc-arm-none-eabi-6-2017-q1-update/bin/../lib/gcc/arm-none-eabi/6.3.1/../../../../arm-none-eabi/lib/hard\libc.a(lib_a-atexit.o)
                              c:/ti/gcc-arm-none-eabi-6-2017-q1-update/bin/../lib/gcc/arm-none-eabi/6.3.1/../../../../arm-none-eabi/lib/hard\libc.a(lib_a-__call_atexit.o) (atexit)
c:/ti/gcc-arm-none-eabi-6-2017-q1-update/bin/../lib/gcc/arm-none-eabi/6.3.1/../../../../arm-none-eabi/lib/hard\libc.a(lib_a-fini.o)
                              c:/ti/gcc-arm-none-eabi-6-2017-q1-update/bin/../lib/gcc/arm-none-eabi/6.3.1/../../../../arm-none-eabi/lib/hard\libc.a(lib_a-__call_atexit.o) (__libc_fini_array)
c:/ti/gcc-arm-none-eabi-6-2017-q1-update/bin/../lib/gcc/arm-none-eabi/6.3.1/../../../../arm-none-eabi/lib/hard\libc.a(lib_a-lock.o)
                              c:/ti/gcc-arm-none-eabi-6-2017-q1-update/bin/../lib/gcc/arm-none-eabi/6.3.1/../../../../arm-none-eabi/lib/hard\libc.a(lib_a-__call_atexit.o) (__retarget_lock_acquire_recursive)
c:/ti/gcc-arm-none-eabi-6-2017-q1-update/bin/../lib/gcc/arm-none-eabi/6.3.1/../../../../arm-none-eabi/lib/hard\libc.a(lib_a-__atexit.o)
                              c:/ti/gcc-arm-none-eabi-6-2017-q1-update/bin/../lib/gcc/arm-none-eabi/6.3.1/../../../../arm-none-eabi/lib/hard\libc.a(lib_a-atexit.o) (__register_exitproc)
../libboard.a(board.o)        ./flash_writer/flash_writer_app_main.o (BOARDInit)
../libboard.a(dcard.o)        ../libboard.a(board.o) (DCARDIsDevPresent)
../libboard.a(platform.o)     ../libboard.a(board.o) (PLATFORMGetId)
../libboard.a(pinmux.o)       ./qspi_app.o (PINMUXModuleConfig)
../libboard.a(board_am43xx.o)
                              ../libboard.a(board.o) (BoardAm43xxInit)
../libboard.a(dcard_am43xx.o)
                              ../libboard.a(dcard.o) (DCardAm43xxInit)
../libboard.a(am43xx_gpevm.o)
                              ../libboard.a(board_am43xx.o) (gBoardAm43xxGpevmData)
../libboard.a(am43xx_evmsk.o)
                              ../libboard.a(board_am43xx.o) (gBoardAm43xxEvmskData)
../libboard.a(am43xx_idkevm.o)
                              ../libboard.a(board_am43xx.o) (gBoardAm43xxIdkevmData)
../libboard.a(am43xx_eposevm.o)
                              ../libboard.a(board_am43xx.o) (gBoardAm43xxEposevmData)
../libboard.a(am43xx_custom.o)
                              ../libboard.a(board_am43xx.o) (gBoardAm43xxCustomData)
../libboard.a(am43xx_gpevm_pinmux_data.o)
                              ../libboard.a(am43xx_gpevm.o) (gGpevmPinmuxData)
../libboard.a(am43xx_evmsk_pinmux_data.o)
                              ../libboard.a(am43xx_evmsk.o) (gEvmskPinmuxData)
../libboard.a(am43xx_idkevm_pinmux_data.o)
                              ../libboard.a(am43xx_idkevm.o) (gIdkevmPinmuxData)
../libboard.a(am43xx_eposevm_pinmux_data.o)
                              ../libboard.a(am43xx_eposevm.o) (gEposevmPinmuxData)
../libdal.a(gpio.o)           ../libboard.a(am43xx_gpevm.o) (GPIOModuleEnable)
../libdevice.a(qspi_flash.o)  ./flash_writer/flash_writer_app_main.o (QSPIFlashGetDeviceData)
../libexample_utils.a(example_utils_mmu.o)
                              ./flash_writer/flash_writer_app_main.o (MMUConfigAndEnable)
../libqspi_lib.a(qspi_lib.o)  ./flash_writer/flash_writer_app_main.o (QSPILibInit)
../libsoc.a(soc.o)            ../libboard.a(board.o) (SOCGetSocFamilyId)
../libsoc.a(startup.o)        ./startup_ARMCA9.o (start_boot)
[...]
Memory Configuration

Name             Origin             Length             Attributes
SRAM             0x402f0000         0x00010000
L3OCMC0          0x40300000         0x00010000
M3SHUMEM         0x44d00000         0x00004000
M3SHDMEM         0x44d80000         0x00002000
DDR0             0x80000000         0x80000000
*default*        0x00000000         0xffffffff

Linker script and memory map

LOAD c:/ti/gcc-arm-none-eabi-6-2017-q1-update/bin/../lib/gcc/arm-none-eabi/6.3.1/hard/crti.o
LOAD c:/ti/gcc-arm-none-eabi-6-2017-q1-update/bin/../lib/gcc/arm-none-eabi/6.3.1/hard/crtbegin.o
LOAD c:/ti/gcc-arm-none-eabi-6-2017-q1-update/bin/../lib/gcc/arm-none-eabi/6.3.1/../../../../arm-none-eabi/lib/hard/crt0.o
                0x00018000                STACKSIZE = 0x18000
                0x00000400                HEAPSIZE = 0x400
LOAD ./i2c.o
LOAD ./qspi.o
LOAD ./qspi_app.o
LOAD ./startup_ARMCA9.o
LOAD ./uart.o
LOAD ./flash_writer/crc16.o
LOAD ./flash_writer/flash_writer_app_main.o

.rsthand        0x80000000       0x8c
                0x80000000                . = ALIGN (0x10000)
 *(.isr_vector)
 .isr_vector    0x80000000       0x50 ./startup_ARMCA9.o
                0x80000000                __isr_vector
                0x8000004e                DEF_IRQHandler
 *startup_ARMCA9.o(.text)
 .text          0x80000050       0x3c ./startup_ARMCA9.o
                0x80000050                Entry
                0x8000008c                . = ALIGN (0x4)

.text           0x80000090   0x5d26f8
 *(.text*)
 .text          0x80000090        0x0 c:/ti/gcc-arm-none-eabi-6-2017-q1-update/bin/../lib/gcc/arm-none-eabi/6.3.1/hard/crti.o
 .text          0x80000090       0xbc c:/ti/gcc-arm-none-eabi-6-2017-q1-update/bin/../lib/gcc/arm-none-eabi/6.3.1/hard/crtbegin.o
 .text          0x8000014c      0x114 c:/ti/gcc-arm-none-eabi-6-2017-q1-update/bin/../lib/gcc/arm-none-eabi/6.3.1/../../../../arm-none-eabi/lib/hard/crt0.o
                0x8000014c                _start
                0x8000014c                _mainCRTStartup
 .text          0x80000260     0x12a4 ./i2c.o
                0x80000398                I2CClkConfig
                0x80000454                I2CModuleEnable
                0x800004b4                I2CBusBusyStatus
                0x80000504                I2CErrStatus
                0x8000054c                I2CSetMode
                0x80000604                I2CStartByteModeEnable
                0x8000067c                I2CStart
                0x800006b0                I2CStop
                0x800006e4                I2CIntrEnable
                0x8000073c                I2CIntrDisable
                0x80000770                I2CIntrStatus
                0x800007a0                I2CIntrRawStatus
                0x800007d0                I2CIntrClear
                0x80000804                I2CIntrTrigger
                0x80000838                I2CMasterSetSlaveAddr
                0x800008b0                I2CMasterGetSlaveAddr
                0x800008e8                I2CSetDataCount
                0x80000920                I2CGetDataCount
                0x80000958                I2CFifoThresholdConfig
                0x800009bc                I2CFifoFlush
                0x80000a5c                I2CDmaTxEventEnable
                0x80000aec                I2CDmaRxEventEnable
                0x80000b7c                I2CBufStatus
                0x80000c14                I2CSlaveGetActiveOwnAddr
                0x80000c7c                I2CSlaveSetOwnAddr
                0x80000e38                I2CSlaveClockBlockingEnable
                0x80000ef0                I2CSoftReset
                0x80000f24                I2CAutoIdleEnable
                0x80000f84                I2CIdleModeSelect
                0x80000fbc                I2CClockActivitySelect
                0x80000ff4                I2CWakeupEnable
                0x800010f0                I2CWakeupDisable
                0x800011ec                I2CSystemStatus
                0x80001240                I2CPutTxData
                0x8000127c                I2CGetRxData
                0x800012b4                I2CFreeRunEnable
                0x80001314                I2CContextSave
                0x800013a4                I2CContextRestore
                0x800014c8                I2CMasterBusy
 .text          0x80001504      0xb5c ./qspi.o
                0x8000163c                QSPISetIdleMode
                0x80001674                QSPISetPreScaler
                0x800016fc                QSPISetClkMode
                0x800017a0                QSPISetCsPol
                0x8000184c                QSPISetDataDelay
                0x800018f8                QSPISetMemMapNumAddrBytes
                0x80001948                QSPISetMemMapNumDummyBits
                0x800019ec                QSPISetMemMapReadType
                0x80001a3c                QSPISetMemMapWriteCmd
                0x80001a8c                QSPISetMemMapReadCmd
                0x80001adc                QSPIWriteData
                0x80001bdc                QSPIReadData
                0x80001cdc                QSPIIsBusy
                0x80001d40                QSPIGetStatusWordCount
                0x80001d7c                QSPIIntrEnable
                0x80001dd4                QSPIIntrDisable
                0x80001e2c                QSPIIntrStatus
                0x80001e5c                QSPIIntrClear
                0x80001eb4                QSPIIntrRawStatus
                0x80001ee4                QSPISetMemAddrSpace
                0x80001f20                QSPISetCfgModeTxCmd
 .text          0x80002060      0x2ac ./qspi_app.o
                0x80002060                QSPIAppInit
                0x800020f4                QSPIAppBoardInfoGet
                0x80002298                QSPIAppSocInfoGet
 .text          0x8000230c     0x2df8 ./uart.o
                0x80002584                UARTGetRevision
                0x800025b4                UARTModuleReset
                0x80002610                UARTSetRegAccessMode
                0x800026c4                UARTSetBaudRate
                0x80002988                UARTIntrEnable
                0x80002b04                UARTIntrDisable
                0x80002c74                UARTIntrStatus
                0x80002cf0                UARTIsIntrPending
                0x80002d6c                UARTTxEmptyIntrEnable
                0x80002dcc                UARTLineStatus
                0x80002e40                UARTLineCharacteristicConfig
                0x80002f8c                UARTFifoConfig
                0x80003340                UARTIsFifoEnabled
                0x800033c8                UARTWakeupEventEnable
                0x80003470                UARTWakeupEventDisable
                0x80003520                UARTWakeupIntrEnable
                0x80003580                UARTAutoIdleEnable
                0x800035e0                UARTSetIdleMode
                0x8000361c                UARTLoopbackEnable
                0x8000367c                UARTBreakCtrlEnable
                0x800036dc                UARTGetFifoLevel
                0x80003748                UARTIsTxFifoFull
                0x8000379c                UARTIsCharAvail
                0x80003834                UARTIsSpaceAvail
                0x800038c8                UARTGetChar
                0x80003a48                UARTPutChar
                0x80003bc0                UARTFifoWrite
                0x80003c30                UARTFifoRead
                0x80003c68                UARTDmaEnable
                0x80003cec                UARTDmaDisable
                0x80003d38                UARTDmaTxThresholdEnable
                0x80003d98                UARTSetDmaTxThreshold
                0x80003dd0                UARTDmaCounterResetEnable
                0x80003e30                UARTAutoRtsEnable
                0x80003ec4                UARTAutoCtsEnable
                0x80003f58                UARTSetFlowCtrlTriggerLvl
                0x80004098                UARTSwFlowCtrlConfig
                0x80004108                UARTSetXon1Xoff1Char
                0x80004270                UARTSetXon2Xoff2Char
                0x800043d8                UARTXonAnyFeatureEnable
                0x800044c4                UARTSpecialCharDetectEnable
                0x80004558                UARTPulseShapingEnable
                0x800045b8                UARTResumeOper
                0x800045e4                UARTModemCtrlEnable
                0x8000473c                UARTModemStatus
                0x80004820                UARTDsrPinIntrEnable
                0x80004880                UARTRxCtsDsrTransitionStatus
                0x800048e4                UARTEnableAutobaudMode
                0x80004944                UARTGetAutoBaudParity
                0x800049c0                UARTGetAutoBaudWordLen
                0x80004a3c                UARTGetAutoBaudSpeed
                0x80004ab8                UARTSetScratchPadValue
                0x80004b98                UARTGetScratchPadValue
                0x80004c84                UARTSubConfigMSRSPRModeEn
                0x80004d94                UARTSubConfigTCRTLRModeEn
                0x80004eac                UARTSubConfigXOFFModeEn
                0x80004fc4                UARTTCRTLRBitValRestore
                0x800050b8                UARTParityModeGet
 .text          0x80005104       0xb4 ./flash_writer/crc16.o
                0x80005104                crc16_ccitt
 .text          0x800051b8      0x760 ./flash_writer/flash_writer_app_main.o
                0x80005220                crc16
                0x80005304                main
 .text          0x80005918        0x0 c:/ti/gcc-arm-none-eabi-6-2017-q1-update/bin/../lib/gcc/arm-none-eabi/6.3.1/../../../../arm-none-eabi/lib/hard\libc.a(lib_a-exit.o)
 .text.exit     0x80005918       0x34 c:/ti/gcc-arm-none-eabi-6-2017-q1-update/bin/../lib/gcc/arm-none-eabi/6.3.1/../../../../arm-none-eabi/lib/hard\libc.a(lib_a-exit.o)
                0x80005918                exit
 .text          0x8000594c        0x0 c:/ti/gcc-arm-none-eabi-6-2017-q1-update/bin/../lib/gcc/arm-none-eabi/6.3.1/../../../../arm-none-eabi/lib/hard\libc.a(lib_a-impure.o)
 .text          0x8000594c        0x0 c:/ti/gcc-arm-none-eabi-6-2017-q1-update/bin/../lib/gcc/arm-none-eabi/6.3.1/../../../../arm-none-eabi/lib/hard\libc.a(lib_a-init.o)
 .text.__libc_init_array
                0x8000594c       0x80 c:/ti/gcc-arm-none-eabi-6-2017-q1-update/bin/../lib/gcc/arm-none-eabi/6.3.1/../../../../arm-none-eabi/lib/hard\libc.a(lib_a-init.o)
                0x8000594c                __libc_init_array
 .text          0x800059cc        0x0 c:/ti/gcc-arm-none-eabi-6-2017-q1-update/bin/../lib/gcc/arm-none-eabi/6.3.1/../../../../arm-none-eabi/lib/hard\libc.a(lib_a-memset.o)
 .text.memset   0x800059cc      0x114 c:/ti/gcc-arm-none-eabi-6-2017-q1-update/bin/../lib/gcc/arm-none-eabi/6.3.1/../../../../arm-none-eabi/lib/hard\libc.a(lib_a-memset.o)
                0x800059cc                memset
 .text          0x80005ae0        0x0 c:/ti/gcc-arm-none-eabi-6-2017-q1-update/bin/../lib/gcc/arm-none-eabi/6.3.1/../../../../arm-none-eabi/lib/hard\libc.a(lib_a-__call_atexit.o)
 .text.startup.register_fini
                0x80005ae0       0x28 c:/ti/gcc-arm-none-eabi-6-2017-q1-update/bin/../lib/gcc/arm-none-eabi/6.3.1/../../../../arm-none-eabi/lib/hard\libc.a(lib_a-__call_atexit.o)
 .text.__call_exitprocs
                0x80005b08      0x18c c:/ti/gcc-arm-none-eabi-6-2017-q1-update/bin/../lib/gcc/arm-none-eabi/6.3.1/../../../../arm-none-eabi/lib/hard\libc.a(lib_a-__call_atexit.o)
                0x80005b08                __call_exitprocs
 .text          0x80005c94        0x0 c:/ti/gcc-arm-none-eabi-6-2017-q1-update/bin/../lib/gcc/arm-none-eabi/6.3.1/../../../../arm-none-eabi/lib/hard\libc.a(lib_a-atexit.o)
 .text.atexit   0x80005c94       0x20 c:/ti/gcc-arm-none-eabi-6-2017-q1-update/bin/../lib/gcc/arm-none-eabi/6.3.1/../../../../arm-none-eabi/lib/hard\libc.a(lib_a-atexit.o)
                0x80005c94                atexit
 .text          0x80005cb4        0x0 c:/ti/gcc-arm-none-eabi-6-2017-q1-update/bin/../lib/gcc/arm-none-eabi/6.3.1/../../../../arm-none-eabi/lib/hard\libc.a(lib_a-fini.o)
 .text.__libc_fini_array
                0x80005cb4       0x48 c:/ti/gcc-arm-none-eabi-6-2017-q1-update/bin/../lib/gcc/arm-none-eabi/6.3.1/../../../../arm-none-eabi/lib/hard\libc.a(lib_a-fini.o)
                0x80005cb4                __libc_fini_array
 .text          0x80005cfc        0x0 c:/ti/gcc-arm-none-eabi-6-2017-q1-update/bin/../lib/gcc/arm-none-eabi/6.3.1/../../../../arm-none-eabi/lib/hard\libc.a(lib_a-lock.o)
 .text.__retarget_lock_init
                0x80005cfc        0x4 c:/ti/gcc-arm-none-eabi-6-2017-q1-update/bin/../lib/gcc/arm-none-eabi/6.3.1/../../../../arm-none-eabi/lib/hard\libc.a(lib_a-lock.o)
                0x80005cfc                __retarget_lock_init
 .text.__retarget_lock_init_recursive
                0x80005d00        0x4 c:/ti/gcc-arm-none-eabi-6-2017-q1-update/bin/../lib/gcc/arm-none-eabi/6.3.1/../../../../arm-none-eabi/lib/hard\libc.a(lib_a-lock.o)
                0x80005d00                __retarget_lock_init_recursive
 .text.__retarget_lock_close
                0x80005d04        0x4 c:/ti/gcc-arm-none-eabi-6-2017-q1-update/bin/../lib/gcc/arm-none-eabi/6.3.1/../../../../arm-none-eabi/lib/hard\libc.a(lib_a-lock.o)
                0x80005d04                __retarget_lock_close
 .text.__retarget_lock_close_recursive
                0x80005d08        0x4 c:/ti/gcc-arm-none-eabi-6-2017-q1-update/bin/../lib/gcc/arm-none-eabi/6.3.1/../../../../arm-none-eabi/lib/hard\libc.a(lib_a-lock.o)
                0x80005d08                __retarget_lock_close_recursive
 .text.__retarget_lock_acquire
                0x80005d0c        0x4 c:/ti/gcc-arm-none-eabi-6-2017-q1-update/bin/../lib/gcc/arm-none-eabi/6.3.1/../../../../arm-none-eabi/lib/hard\libc.a(lib_a-lock.o)
                0x80005d0c                __retarget_lock_acquire
 .text.__retarget_lock_acquire_recursive
                0x80005d10        0x4 c:/ti/gcc-arm-none-eabi-6-2017-q1-update/bin/../lib/gcc/arm-none-eabi/6.3.1/../../../../arm-none-eabi/lib/hard\libc.a(lib_a-lock.o)
                0x80005d10                __retarget_lock_acquire_recursive
 .text.__retarget_lock_try_acquire
                0x80005d14        0x8 c:/ti/gcc-arm-none-eabi-6-2017-q1-update/bin/../lib/gcc/arm-none-eabi/6.3.1/../../../../arm-none-eabi/lib/hard\libc.a(lib_a-lock.o)
                0x80005d14                __retarget_lock_try_acquire
 .text.__retarget_lock_try_acquire_recursive
                0x80005d1c        0x8 c:/ti/gcc-arm-none-eabi-6-2017-q1-update/bin/../lib/gcc/arm-none-eabi/6.3.1/../../../../arm-none-eabi/lib/hard\libc.a(lib_a-lock.o)
                0x80005d1c                __retarget_lock_try_acquire_recursive
 .text.__retarget_lock_release
                0x80005d24        0x4 c:/ti/gcc-arm-none-eabi-6-2017-q1-update/bin/../lib/gcc/arm-none-eabi/6.3.1/../../../../arm-none-eabi/lib/hard\libc.a(lib_a-lock.o)
                0x80005d24                __retarget_lock_release
 .text.__retarget_lock_release_recursive
                0x80005d28        0x4 c:/ti/gcc-arm-none-eabi-6-2017-q1-update/bin/../lib/gcc/arm-none-eabi/6.3.1/../../../../arm-none-eabi/lib/hard\libc.a(lib_a-lock.o)
                0x80005d28                __retarget_lock_release_recursive
 .text          0x80005d2c        0x0 c:/ti/gcc-arm-none-eabi-6-2017-q1-update/bin/../lib/gcc/arm-none-eabi/6.3.1/../../../../arm-none-eabi/lib/hard\libc.a(lib_a-__atexit.o)
 .text.__register_exitproc
                0x80005d2c      0x100 c:/ti/gcc-arm-none-eabi-6-2017-q1-update/bin/../lib/gcc/arm-none-eabi/6.3.1/../../../../arm-none-eabi/lib/hard\libc.a(lib_a-__atexit.o)
                0x80005d2c                __register_exitproc
 .text          0x80005e2c        0x0 ../libboard.a(board.o)
 .text.BOARDInit
                0x80005e2c       0x9c ../libboard.a(board.o)
                0x80005e2c                BOARDInit
 .text.BOARDDeInit
                0x80005ec8        0x8 ../libboard.a(board.o)
                0x80005ec8                BOARDDeInit
 .text.BOARDGetId
                0x80005ed0       0x70 ../libboard.a(board.o)
                0x80005ed0                BOARDGetId
 .text.BOARDGetBoardName
                0x80005f40       0x60 ../libboard.a(board.o)
                0x80005f40                BOARDGetBoardName
 .text.BOARDGetBaseBoardRev
                0x80005fa0       0x70 ../libboard.a(board.o)
                0x80005fa0                BOARDGetBaseBoardRev
 .text.BOARDGetBaseBoardRevName
                0x80006010       0x30 ../libboard.a(board.o)
                0x80006010                BOARDGetBaseBoardRevName
 .text.BOARDGetDcRev
                0x80006040       0x44 ../libboard.a(board.o)
                0x80006040                BOARDGetDcRev
 .text.BOARDGetDcRevName
                0x80006084       0x30 ../libboard.a(board.o)
                0x80006084                BOARDGetDcRevName
 .text.BOARDGetI2cData
                0x800060b4       0x30 ../libboard.a(board.o)
                0x800060b4                BOARDGetI2cData
 .text.BOARDGetData
                0x800060e4       0x30 ../libboard.a(board.o)
                0x800060e4                BOARDGetData
 .text.BOARDIsDevicePresent
                0x80006114       0xf8 ../libboard.a(board.o)
                0x80006114                BOARDIsDevicePresent
 .text.BOARDGetNumDevices
                0x8000620c       0x74 ../libboard.a(board.o)
                0x8000620c                BOARDGetNumDevices
 .text.BOARDGetDeviceCtrlModId
                0x80006280      0x134 ../libboard.a(board.o)
                0x80006280                BOARDGetDeviceCtrlModId
 .text.BOARDGetDeviceCtrlModInstNum
                0x800063b4       0xa0 ../libboard.a(board.o)
                0x800063b4                BOARDGetDeviceCtrlModInstNum
 .text.BOARDGetDeviceCtrlInfo
                0x80006454       0x88 ../libboard.a(board.o)
                0x80006454                BOARDGetDeviceCtrlInfo
 .text.BOARDGetDeviceDataModId
                0x800064dc       0x88 ../libboard.a(board.o)
                0x800064dc                BOARDGetDeviceDataModId
 .text.BOARDGetDeviceDataModInstNum
                0x80006564       0x88 ../libboard.a(board.o)
                0x80006564                BOARDGetDeviceDataModInstNum
 .text.BOARDPowerOnDevice
                0x800065ec      0x13c ../libboard.a(board.o)
                0x800065ec                BOARDPowerOnDevice
 .text.BOARDSelectDevice
                0x80006728       0xbc ../libboard.a(board.o)
                0x80006728                BOARDSelectDevice
 .text.BOARDResetDevice
                0x800067e4       0xbc ../libboard.a(board.o)
                0x800067e4                BOARDResetDevice
 .text.BOARDPrintInfo
                0x800068a0       0x98 ../libboard.a(board.o)
                0x800068a0                BOARDPrintInfo
 .text.BOARDGetDCardsData
                0x80006938       0x34 ../libboard.a(board.o)
                0x80006938                BOARDGetDCardsData
 .text.BOARDIsDCardPresent
                0x8000696c       0x54 ../libboard.a(board.o)
                0x8000696c                BOARDIsDCardPresent
 .text.BOARDGetLcdDevData
                0x800069c0       0x60 ../libboard.a(board.o)
                0x800069c0                BOARDGetLcdDevData
 .text          0x80006a20        0x0 ../libboard.a(dcard.o)
 .text.DCARDInit
                0x80006a20       0x28 ../libboard.a(dcard.o)
                0x80006a20                DCARDInit
 .text.DCARDGetDCardList
                0x80006a48       0x30 ../libboard.a(dcard.o)
                0x80006a48                DCARDGetDCardList
 .text.DCARDGetData
                0x80006a78       0x40 ../libboard.a(dcard.o)
                0x80006a78                DCARDGetData
 .text.DCARDIsDevPresent
                0x80006ab8       0x68 ../libboard.a(dcard.o)
                0x80006ab8                DCARDIsDevPresent
 .text.DCARDGetDevDCardId
                0x80006b20       0x70 ../libboard.a(dcard.o)
                0x80006b20                DCARDGetDevDCardId
 .text.DCARDGetDeviceCtrlModId
                0x80006b90       0x80 ../libboard.a(dcard.o)
                0x80006b90                DCARDGetDeviceCtrlModId
 .text.DCARDGetRevStr
                0x80006c10       0x18 ../libboard.a(dcard.o)
                0x80006c10                DCARDGetRevStr
 .text.DCARDGetRevTable
                0x80006c28       0x18 ../libboard.a(dcard.o)
                0x80006c28                DCARDGetRevTable
 .text          0x80006c40        0x0 ../libboard.a(platform.o)
 .text.PLATFORMGetId
                0x80006c40        0x8 ../libboard.a(platform.o)
                0x80006c40                PLATFORMGetId
 .text.PLATFORMGetString
                0x80006c48        0xc ../libboard.a(platform.o)
                0x80006c48                PLATFORMGetString
 .text.PLATFORMPrintInfo
                0x80006c54       0x1c ../libboard.a(platform.o)
                0x80006c54                PLATFORMPrintInfo
 .text          0x80006c70        0x0 ../libboard.a(pinmux.o)
 .text.PINMUXModuleConfig
                0x80006c70      0x140 ../libboard.a(pinmux.o)
                0x80006c70                PINMUXModuleConfig
 .text          0x80006db0        0x0 ../libboard.a(board_am43xx.o)
 .text.BoardAm43xxInit
                0x80006db0       0x80 ../libboard.a(board_am43xx.o)
                0x80006db0                BoardAm43xxInit
 .text.BoardGetIdAm43xx
                0x80006e30      0x1dc ../libboard.a(board_am43xx.o)
                0x80006e30                BoardGetIdAm43xx
 .text.BoardGetBaseBoardRevAm43xx
                0x8000700c       0xa8 ../libboard.a(board_am43xx.o)
                0x8000700c                BoardGetBaseBoardRevAm43xx
 .text.BoardGetBaseBoardRevNameAm43xx
                0x800070b4       0x34 ../libboard.a(board_am43xx.o)
                0x800070b4                BoardGetBaseBoardRevNameAm43xx
 .text.BoardGetDcRevAm43xx
                0x800070e8       0x1c ../libboard.a(board_am43xx.o)
                0x800070e8                BoardGetDcRevAm43xx
 .text.BoardGetDcRevNameAm43xx
                0x80007104       0x3c ../libboard.a(board_am43xx.o)
                0x80007104                BoardGetDcRevNameAm43xx
 .text.BoardGetI2cDataAm43xx
                0x80007140        0xc ../libboard.a(board_am43xx.o)
                0x80007140                BoardGetI2cDataAm43xx
 .text.BoardGetDataAm43xx
                0x8000714c       0x20 ../libboard.a(board_am43xx.o)
                0x8000714c                BoardGetDataAm43xx
 .text          0x8000716c        0x0 ../libboard.a(dcard_am43xx.o)
 .text.DCardAm43xxInit
                0x8000716c        0x4 ../libboard.a(dcard_am43xx.o)
                0x8000716c                DCardAm43xxInit
 .text.DCardAm43xxGetDCardList
                0x80007170        0x8 ../libboard.a(dcard_am43xx.o)
                0x80007170                DCardAm43xxGetDCardList
 .text          0x80007178        0x0 ../libboard.a(am43xx_gpevm.o)
 .text.BoardAm43xxGpevmInit
                0x80007178        0x8 ../libboard.a(am43xx_gpevm.o)
                0x80007178                BoardAm43xxGpevmInit
 .text.BoardAm43xxGpevmGpioCfg
                0x80007180       0x98 ../libboard.a(am43xx_gpevm.o)
                0x80007180                BoardAm43xxGpevmGpioCfg
 .text.BoardAm43xxGpevmLcdDeviceSelect
                0x80007218       0xd4 ../libboard.a(am43xx_gpevm.o)
                0x80007218                BoardAm43xxGpevmLcdDeviceSelect
 .text.BoardAm43xxGpevmLcdDevicePowerOn
                0x800072ec       0xcc ../libboard.a(am43xx_gpevm.o)
                0x800072ec                BoardAm43xxGpevmLcdDevicePowerOn
 .text          0x800073b8        0x0 ../libboard.a(am43xx_evmsk.o)
 .text          0x800073b8        0x0 ../libboard.a(am43xx_idkevm.o)
 .text          0x800073b8        0x0 ../libboard.a(am43xx_eposevm.o)
 .text          0x800073b8        0x0 ../libboard.a(am43xx_custom.o)
 .text          0x800073b8        0x0 ../libboard.a(am43xx_gpevm_pinmux_data.o)
 .text          0x800073b8        0x0 ../libboard.a(am43xx_evmsk_pinmux_data.o)
 .text          0x800073b8        0x0 ../libboard.a(am43xx_idkevm_pinmux_data.o)
 .text          0x800073b8        0x0 ../libboard.a(am43xx_eposevm_pinmux_data.o)
 .text          0x800073b8        0x0 ../libdal.a(gpio.o)
 .text.GPIOModuleReset
                0x800073b8       0x30 ../libdal.a(gpio.o)
                0x800073b8                GPIOModuleReset
 .text.GPIOModuleEnable
                0x800073e8       0x24 ../libdal.a(gpio.o)
                0x800073e8                GPIOModuleEnable
 .text.GPIOSetDirMode
                0x8000740c       0x24 ../libdal.a(gpio.o)
                0x8000740c                GPIOSetDirMode
 .text.GPIOPinWrite
                0x80007430       0x20 ../libdal.a(gpio.o)
                0x80007430                GPIOPinWrite
 .text.GPIOPinRead
                0x80007450       0x14 ../libdal.a(gpio.o)
                0x80007450                GPIOPinRead
 .text.GPIOMultiplePinsWrite
                0x80007464       0x14 ../libdal.a(gpio.o)
                0x80007464                GPIOMultiplePinsWrite
 .text.GPIOMultiplePinsRead
                0x80007478       0x10 ../libdal.a(gpio.o)
                0x80007478                GPIOMultiplePinsRead
 .text.GPIOSetIntrType
                0x80007488      0x278 ../libdal.a(gpio.o)
                0x80007488                GPIOSetIntrType
 .text.GPIOIntrEnable
                0x80007700       0x18 ../libdal.a(gpio.o)
                0x80007700                GPIOIntrEnable
 .text.GPIOIntrDisable
                0x80007718       0x18 ../libdal.a(gpio.o)
                0x80007718                GPIOIntrDisable
 .text.GPIOIntrStatus
                0x80007730       0x18 ../libdal.a(gpio.o)
                0x80007730                GPIOIntrStatus
 .text.GPIOIntrClear
                0x80007748       0x18 ../libdal.a(gpio.o)
                0x80007748                GPIOIntrClear
 .text.GPIOIntrRawStatus
                0x80007760       0x18 ../libdal.a(gpio.o)
                0x80007760                GPIOIntrRawStatus
 .text.GPIOIntrTrigger
                0x80007778       0x18 ../libdal.a(gpio.o)
                0x80007778                GPIOIntrTrigger
 .text.GPIOWakeupIntrEnable
                0x80007790       0x48 ../libdal.a(gpio.o)
                0x80007790                GPIOWakeupIntrEnable
 .text.GPIOWakeupIntrDisable
                0x800077d8       0x20 ../libdal.a(gpio.o)
                0x800077d8                GPIOWakeupIntrDisable
 .text.GPIOGlobalWakeupEnable
                0x800077f8       0x1c ../libdal.a(gpio.o)
                0x800077f8                GPIOGlobalWakeupEnable
 .text.GPIOGlobalWakeupDisable
                0x80007814       0x14 ../libdal.a(gpio.o)
                0x80007814                GPIOGlobalWakeupDisable
 .text.GPIOAutoIdleModeEnable
                0x80007828       0x24 ../libdal.a(gpio.o)
                0x80007828                GPIOAutoIdleModeEnable
 .text.GPIOSetIdleMode
                0x8000784c       0x1c ../libdal.a(gpio.o)
                0x8000784c                GPIOSetIdleMode
 .text.GPIOSetGatingRatio
                0x80007868       0x1c ../libdal.a(gpio.o)
                0x80007868                GPIOSetGatingRatio
 .text.GPIODebounceFuncEnable
                0x80007884       0x24 ../libdal.a(gpio.o)
                0x80007884                GPIODebounceFuncEnable
 .text.GPIOSetDebounceTime
                0x800078a8       0x1c ../libdal.a(gpio.o)
                0x800078a8                GPIOSetDebounceTime
 .text.GPIOGetRevision
                0x800078c4        0xc ../libdal.a(gpio.o)
                0x800078c4                GPIOGetRevision
 .text.GPIOContextSave
                0x800078d0       0x28 ../libdal.a(gpio.o)
                0x800078d0                GPIOContextSave
 .text.GPIOContextRestore
                0x800078f8       0x28 ../libdal.a(gpio.o)
                0x800078f8                GPIOContextRestore
 .text.GPIOGetDirMode
                0x80007920       0x1c ../libdal.a(gpio.o)
                0x80007920                GPIOGetDirMode
 .text.GPIOGetIntrType
                0x8000793c       0x60 ../libdal.a(gpio.o)
                0x8000793c                GPIOGetIntrType
 .text          0x8000799c        0x0 ../libdevice.a(qspi_flash.o)
 .text.QSPIFlashGetDeviceData
                0x8000799c       0x1c ../libdevice.a(qspi_flash.o)
                0x8000799c                QSPIFlashGetDeviceData
 .text.QSPIFlashGetDeviceIdList
                0x800079b8        0xc ../libdevice.a(qspi_flash.o)
                0x800079b8                QSPIFlashGetDeviceIdList
 .text          0x800079c4        0x0 ../libexample_utils.a(example_utils_mmu.o)
 .text.MMUConfigAndEnable
                0x800079c4       0x98 ../libexample_utils.a(example_utils_mmu.o)
                0x800079c4                MMUConfigAndEnable
 .text          0x80007a5c        0x0 ../libqspi_lib.a(qspi_lib.o)
 .text.QSPILibInit
                0x80007a5c       0xec ../libqspi_lib.a(qspi_lib.o)
                0x80007a5c                QSPILibInit
 .text.QSPILibRead
                0x80007b48       0x9c ../libqspi_lib.a(qspi_lib.o)
                0x80007b48                QSPILibRead
 .text.QSPILibWrite
                0x80007be4       0xf8 ../libqspi_lib.a(qspi_lib.o)
                0x80007be4                QSPILibWrite
 .text.QSPILibBlockErase
                0x80007cdc      0x200 ../libqspi_lib.a(qspi_lib.o)
                0x80007cdc                QSPILibBlockErase
 .text.QSPILibChipErase
                0x80007edc      0x178 ../libqspi_lib.a(qspi_lib.o)
                0x80007edc                QSPILibChipErase
 .text.QSPILibPrintId
                0x80008054      0x270 ../libqspi_lib.a(qspi_lib.o)
                0x80008054                QSPILibPrintId
 .text.QSPILibQuadEnable
                0x800082c4      0x2c8 ../libqspi_lib.a(qspi_lib.o)
                0x800082c4                QSPILibQuadEnable
 .text.QspiLibMemMapWrite
                0x8000858c      0x1c8 ../libqspi_lib.a(qspi_lib.o)
                0x8000858c                QspiLibMemMapWrite
 .text.QspiLibCfgModeWrite
                0x80008754      0x348 ../libqspi_lib.a(qspi_lib.o)
                0x80008754                QspiLibCfgModeWrite
 .text.QspiLibMemMapRead
                0x80008a9c      0x264 ../libqspi_lib.a(qspi_lib.o)
                0x80008a9c                QspiLibMemMapRead
 .text.QspiLibCfgModeRead
                0x80008d00      0x474 ../libqspi_lib.a(qspi_lib.o)
                0x80008d00                QspiLibCfgModeRead
 .text.QspiLibFlashStatus
                0x80009174      0x158 ../libqspi_lib.a(qspi_lib.o)
                0x80009174                QspiLibFlashStatus
 .text.QspiLibWriteEnable
                0x800092cc       0xe0 ../libqspi_lib.a(qspi_lib.o)
                0x800092cc                QspiLibWriteEnable
 .text.QspiLibEnable4ByteAddrMode
                0x800093ac      0x108 ../libqspi_lib.a(qspi_lib.o)
                0x800093ac                QspiLibEnable4ByteAddrMode
 .text          0x800094b4        0x0 ../libsoc.a(soc.o)
 .text.SOCGetSocFamilyId
                0x800094b4        0x8 ../libsoc.a(soc.o)
                0x800094b4                SOCGetSocFamilyId
 .text.SOCGetCoreId
                0x800094bc        0x8 ../libsoc.a(soc.o)
                0x800094bc                SOCGetCoreId
 .text.SOCGetSocFamilyName
                0x800094c4        0xc ../libsoc.a(soc.o)
                0x800094c4                SOCGetSocFamilyName
 .text.SOCGetCoreName
                0x800094d0        0xc ../libsoc.a(soc.o)
                0x800094d0                SOCGetCoreName
 .text.SOCPrintInfo
                0x800094dc       0x3c ../libsoc.a(soc.o)
                0x800094dc                SOCPrintInfo
 .text          0x80009518        0x0 ../libsoc.a(startup.o)
 .text.start_boot
                0x80009518       0x70 ../libsoc.a(startup.o)
                0x80009518                start_boot
 .text          0x80009588        0x0 ../libsoc.a(am43xx_chipdb.o)
 .text.CHIPDBEnable
                0x80009588       0x14 ../libsoc.a(am43xx_chipdb.o)
                0x80009588                CHIPDBEnable
 .text.CHIPDBDisable
                0x8000959c       0x14 ../libsoc.a(am43xx_chipdb.o)
                0x8000959c                CHIPDBDisable
 .text.CHIPDBModuleMaxInstanceNumber
                0x800095b0       0x24 ../libsoc.a(am43xx_chipdb.o)
                0x800095b0                CHIPDBModuleMaxInstanceNumber
 .text.CHIPDBIsResourcePresent
                0x800095d4       0xa4 ../libsoc.a(am43xx_chipdb.o)
                0x800095d4                CHIPDBIsResourcePresent
 .text.CHIPDBResourceMaxFrequency
                0x80009678       0x4c ../libsoc.a(am43xx_chipdb.o)
                0x80009678                CHIPDBResourceMaxFrequency
 .text.CHIPDBMaxJunctionTemperature
                0x800096c4        0x8 ../libsoc.a(am43xx_chipdb.o)
                0x800096c4                CHIPDBMaxJunctionTemperature
 .text.CHIPDBMinJunctionTemperature
                0x800096cc        0x8 ../libsoc.a(am43xx_chipdb.o)
                0x800096cc                CHIPDBMinJunctionTemperature
 .text.CHIPDBPackageType
                0x800096d4        0x8 ../libsoc.a(am43xx_chipdb.o)
                0x800096d4                CHIPDBPackageType
 .text.CHIPDBDeviceRevision
                0x800096dc       0x34 ../libsoc.a(am43xx_chipdb.o)
                0x800096dc                CHIPDBDeviceRevision
 .text.CHIPDBSecurityLevel
                0x80009710       0x2c ../libsoc.a(am43xx_chipdb.o)
                0x80009710                CHIPDBSecurityLevel
 .text.CHIPDBBaseAddress
                0x8000973c       0x38 ../libsoc.a(am43xx_chipdb.o)
                0x8000973c                CHIPDBBaseAddress
 .text.ChipDBInterruptNum
                0x80009774       0x48 ../libsoc.a(am43xx_chipdb.o)
                0x80009774                ChipDBInterruptNum
 .text          0x800097bc        0x0 ../libsoc.a(hw_am43xx_chipdb.o)
 .text.CHIPDBSpeedGradeProcID
                0x800097bc        0x4 ../libsoc.a(hw_am43xx_chipdb.o)
                0x800097bc                CHIPDBSpeedGradeProcID
 .text.CHIPDBIsSecureModule
                0x800097c0       0x44 ../libsoc.a(hw_am43xx_chipdb.o)
                0x800097c0                CHIPDBIsSecureModule
 .text          0x80009804        0x0 ../libsoc.a(hw_am43xx_chipdb_baseaddr.o)
 .text          0x80009804        0x0 ../libsoc.a(hw_am43xx_chipdb_interrupt.o)
 .text          0x80009804        0x0 ../libsoc.a(am43xx_prcm.o)
 .text.PRCMModuleIdxEnable
                0x80009804       0xe4 ../libsoc.a(am43xx_prcm.o)
                0x80009804                PRCMModuleIdxEnable
 .text.PRCMModuleEnable
                0x800098e8       0x4c ../libsoc.a(am43xx_prcm.o)
                0x800098e8                PRCMModuleEnable
 .text.PRCMMultiModuleEnable
                0x80009934       0x60 ../libsoc.a(am43xx_prcm.o)
                0x80009934                PRCMMultiModuleEnable
 .text.PRCMModuleIdxDisable
                0x80009994       0xf0 ../libsoc.a(am43xx_prcm.o)
                0x80009994                PRCMModuleIdxDisable
 .text.PRCMModuleDisable
                0x80009a84       0x4c ../libsoc.a(am43xx_prcm.o)
                0x80009a84                PRCMModuleDisable
 .text.PRCMMultiModuleDisable
                0x80009ad0       0x60 ../libsoc.a(am43xx_prcm.o)
                0x80009ad0                PRCMMultiModuleDisable
 .text.PRCMIsModuleEnabled
                0x80009b30       0x74 ../libsoc.a(am43xx_prcm.o)
                0x80009b30                PRCMIsModuleEnabled
 .text.PRCMOptClockEnable
                0x80009ba4       0x1c ../libsoc.a(am43xx_prcm.o)
                0x80009ba4                PRCMOptClockEnable
 .text.PRCMOptClockDisable
                0x80009bc0       0x1c ../libsoc.a(am43xx_prcm.o)
                0x80009bc0                PRCMOptClockDisable
 .text.PRCMIsOptClockEnabled
                0x80009bdc       0x1c ../libsoc.a(am43xx_prcm.o)
                0x80009bdc                PRCMIsOptClockEnabled
 .text.PRCMGetClockRate
                0x80009bf8       0x38 ../libsoc.a(am43xx_prcm.o)
                0x80009bf8                PRCMGetClockRate
 .text.PRCMSetMuxParent
                0x80009c30       0xa4 ../libsoc.a(am43xx_prcm.o)
                0x80009c30                PRCMSetMuxParent
 .text.PRCMGetMuxParent
                0x80009cd4       0x74 ../libsoc.a(am43xx_prcm.o)
                0x80009cd4                PRCMGetMuxParent
 .text.PRCMSetDivider
                0x80009d48       0xb0 ../libsoc.a(am43xx_prcm.o)
                0x80009d48                PRCMSetDivider
 .text.PRCMGetDivider
                0x80009df8       0x98 ../libsoc.a(am43xx_prcm.o)
                0x80009df8                PRCMGetDivider
 .text.PRCMDpllBypass
                0x80009e90      0x144 ../libsoc.a(am43xx_prcm.o)
                0x80009e90                PRCMDpllBypass
 .text.PRCMDpllLock
                0x80009fd4      0x1fc ../libsoc.a(am43xx_prcm.o)
                0x80009fd4                PRCMDpllLock
 .text.PRCMDpllRampConfig
                0x8000a1d0       0xb0 ../libsoc.a(am43xx_prcm.o)
                0x8000a1d0                PRCMDpllRampConfig
 .text.PRCMDpllDutyCycleCorrEnable
                0x8000a280       0x88 ../libsoc.a(am43xx_prcm.o)
                0x8000a280                PRCMDpllDutyCycleCorrEnable
 .text.PRCMDpllClkDcoLdoEnable
                0x8000a308        0x8 ../libsoc.a(am43xx_prcm.o)
                0x8000a308                PRCMDpllClkDcoLdoEnable
 .text.PRCMDpllRecalibEnable
                0x8000a310       0x70 ../libsoc.a(am43xx_prcm.o)
                0x8000a310                PRCMDpllRecalibEnable
 .text.PRCMSetRootClockRate
                0x8000a380       0x24 ../libsoc.a(am43xx_prcm.o)
                0x8000a380                PRCMSetRootClockRate
 .text.PRCMGetRootClockRate
                0x8000a3a4       0x7c ../libsoc.a(am43xx_prcm.o)
                0x8000a3a4                PRCMGetRootClockRate
 .text          0x8000a420        0x0 ../libsoc.a(hw_prcm_data.o)
 .text.PRCMGetModuleId
                0x8000a420       0x64 ../libsoc.a(hw_prcm_data.o)
                0x8000a420                PRCMGetModuleId
 .text          0x8000a484        0x0 ../libsoc.a(cache_arm.o)
 .text.CACHERegisterOuterCache
                0x8000a484       0x10 ../libsoc.a(cache_arm.o)
                0x8000a484                CACHERegisterOuterCache
 .text.CACHEEnable
                0x8000a494       0x94 ../libsoc.a(cache_arm.o)
                0x8000a494                CACHEEnable
 .text.CACHEDisable
                0x8000a528       0x98 ../libsoc.a(cache_arm.o)
                0x8000a528                CACHEDisable
 .text.CACHEDataCleanAll
                0x8000a5c0       0x38 ../libsoc.a(cache_arm.o)
                0x8000a5c0                CACHEDataCleanAll
 .text.CACHEDataCleanRange
                0x8000a5f8       0x48 ../libsoc.a(cache_arm.o)
                0x8000a5f8                CACHEDataCleanRange
 .text.CACHEInstInvAll
                0x8000a640       0x38 ../libsoc.a(cache_arm.o)
                0x8000a640                CACHEInstInvAll
 .text.CACHEDataInvAll
                0x8000a678       0x38 ../libsoc.a(cache_arm.o)
                0x8000a678                CACHEDataInvAll
 .text.CACHEDataInvRange
                0x8000a6b0       0x48 ../libsoc.a(cache_arm.o)
                0x8000a6b0                CACHEDataInvRange
 .text.CACHEDataCleanInvAll
                0x8000a6f8       0x38 ../libsoc.a(cache_arm.o)
                0x8000a6f8                CACHEDataCleanInvAll
 .text.CACHEDataCleanInvRange
                0x8000a730       0x48 ../libsoc.a(cache_arm.o)
                0x8000a730                CACHEDataCleanInvRange
 .text.CACHELockByWay
                0x8000a778       0x9c ../libsoc.a(cache_arm.o)
                0x8000a778                CACHELockByWay
 .text.CACHEUnlockByWay
                0x8000a814       0x34 ../libsoc.a(cache_arm.o)
                0x8000a814                CACHEUnlockByWay
 .text.CacheInstInvalidateAll
                0x8000a848        0xc ../libsoc.a(cache_arm.o)
                0x8000a848                CacheInstInvalidateAll
 .text.CacheDataCleanInvalidateAll
                0x8000a854        0xc ../libsoc.a(cache_arm.o)
                0x8000a854                CacheDataCleanInvalidateAll
 .text.CacheDataCleanAll
                0x8000a860        0xc ../libsoc.a(cache_arm.o)
                0x8000a860                CacheDataCleanAll
 .text.CacheDataInvalidateAll
                0x8000a86c        0xc ../libsoc.a(cache_arm.o)
                0x8000a86c                CacheDataInvalidateAll
 .text.CacheDataCleanBuff
                0x8000a878        0xc ../libsoc.a(cache_arm.o)
                0x8000a878                CacheDataCleanBuff
 .text.CacheDataInvalidateBuff
                0x8000a884        0xc ../libsoc.a(cache_arm.o)
                0x8000a884                CacheDataInvalidateBuff
 .text.CacheDataCleanInvalidateBuff
                0x8000a890        0xc ../libsoc.a(cache_arm.o)
                0x8000a890                CacheDataCleanInvalidateBuff
 .text          0x8000a89c        0x0 ../libsoc.a(mmu_arm.o)
 .text.MMUInit  0x8000a89c       0x5c ../libsoc.a(mmu_arm.o)
                0x8000a89c                MMUInit
 .text.MMUMemRegionMap
                0x8000a8f8      0x108 ../libsoc.a(mmu_arm.o)
                0x8000a8f8                MMUMemRegionMap
 .text.MMUEnable
                0x8000aa00       0x20 ../libsoc.a(mmu_arm.o)
                0x8000aa00                MMUEnable
 .text.MMUDisable
                0x8000aa20        0xc ../libsoc.a(mmu_arm.o)
                0x8000aa20                MMUDisable
 .text          0x8000aa2c      0x488 ../libsoc.a(cp15.o)
                0x8000aa2c                CP15ICacheDisable
                0x8000aa48                CP15DCacheDisable
                0x8000aa64                CP15ICacheEnable
                0x8000aa74                CP15DCacheEnable
                0x8000aa84                CP15DCacheFlush
                0x8000ab18                CP15DCacheClean
                0x8000abac                CP15DCacheCleanFlush
                0x8000ac40                CP15ICacheFlush
                0x8000ac50                CP15DCacheCleanBuff
                0x8000aca4                CP15DCacheCleanFlushBuff
                0x8000acf8                CP15DCacheFlushBuff
                0x8000ad5c                CP15ICacheFlushBuff
                0x8000adb0                CP15Ttb0Set
                0x8000adbc                CP15TlbInvalidate
                0x8000adc8                CP15MMUDisable
                0x8000ade0                CP15MMUEnable
                0x8000adf4                CP15VectorBaseAddrSet
                0x8000ae00                CP15BranchPredictorInvalidate
                0x8000ae0c                CP15BranchPredictionEnable
                0x8000ae1c                CP15BranchPredictionDisable
                0x8000ae2c                CP15DomainAccessClientSet
                0x8000ae3c                CP15ControlFeatureDisable
                0x8000ae50                CP15ControlFeatureEnable
                0x8000ae64                CP15TtbCtlTtb0Config
                0x8000ae74                CP15AuxControlFeatureEnable
                0x8000ae88                CP15AuxControlFeatureDisable
                0x8000ae9c                CP15MainIdPrimPartNumGet
 .text          0x8000aeb4       0x70 ../libsoc.a(exceptionhandler.o)
                0x8000aeb4                SVC_Handler
                0x8000aedc                IRQHandler
                0x8000af1c                FIQHandler
                0x8000af20                AbortHandler
                0x8000af20                UndefInstHandler
 .text          0x8000af24        0x0 ../libsoc.a(cpu.o)
 .text.CPUSwitchToPrivilegedMode
                0x8000af24        0x8 ../libsoc.a(cpu.o)
                0x8000af24                CPUSwitchToPrivilegedMode
 .text.CPUSwitchToUserMode
                0x8000af2c       0x14 ../libsoc.a(cpu.o)
                0x8000af2c                CPUSwitchToUserMode
 .text.CPUAbortHandler
                0x8000af40        0x4 ../libsoc.a(cpu.o)
                0x8000af40                CPUAbortHandler
 .text.CPUIntrStatus
                0x8000af44        0xc ../libsoc.a(cpu.o)
                0x8000af44                CPUIntrStatus
 .text.CPUIntrDisable
                0x8000af50       0x38 ../libsoc.a(cpu.o)
                0x8000af50                CPUIntrDisable
 .text.CPUIntrEnable
                0x8000af88       0x2c ../libsoc.a(cpu.o)
                0x8000af88                CPUIntrEnable
 .text          0x8000afb4        0x0 ../libsoc.a(gic.o)
 .text.isIntrSupported
                0x8000afb4       0xc8 ../libsoc.a(gic.o)
 .text.IntDefaultHandler
                0x8000b07c       0x30 ../libsoc.a(gic.o)
 .text.INTCInit
                0x8000b0ac      0x2d4 ../libsoc.a(gic.o)
                0x8000b0ac                INTCInit
 .text.INTCConfigIntr
                0x8000b380      0x170 ../libsoc.a(gic.o)
                0x8000b380                INTCConfigIntr
 .text.INTCEnableIntr
                0x8000b4f0       0x4c ../libsoc.a(gic.o)
                0x8000b4f0                INTCEnableIntr
 .text.INTCDisableIntr
                0x8000b53c       0x4c ../libsoc.a(gic.o)
                0x8000b53c                INTCDisableIntr
 .text.INTCEnableCpuIntr
                0x8000b588       0x30 ../libsoc.a(gic.o)
                0x8000b588                INTCEnableCpuIntr
 .text.INTCDisableCpuIntr
                0x8000b5b8        0xc ../libsoc.a(gic.o)
                0x8000b5b8                INTCDisableCpuIntr
 .text.INTCClearIntr
                0x8000b5c4       0x4c ../libsoc.a(gic.o)
                0x8000b5c4                INTCClearIntr
 .text.INTCTriggerSWIntr
                0x8000b610       0x4c ../libsoc.a(gic.o)
                0x8000b610                INTCTriggerSWIntr
 .text.INTCTriggerIpcIntr
                0x8000b65c       0x2c ../libsoc.a(gic.o)
                0x8000b65c                INTCTriggerIpcIntr
 .text.INTCSaveContext
                0x8000b688        0x8 ../libsoc.a(gic.o)
                0x8000b688                INTCSaveContext
 .text.INTCRestoreContext
                0x8000b690        0x8 ../libsoc.a(gic.o)
                0x8000b690                INTCRestoreContext
 .text.INTCCommonIntrHandler
                0x8000b698       0x90 ../libsoc.a(gic.o)
                0x8000b698                INTCCommonIntrHandler
 .text          0x8000b728        0x0 ../libutils.a(console_utils.o)
 .text.CONSOLEUtilsInit
                0x8000b728        0xc ../libutils.a(console_utils.o)
                0x8000b728                CONSOLEUtilsInit
 .text.CONSOLEUtilsGetType
                0x8000b734       0x10 ../libutils.a(console_utils.o)
                0x8000b734                CONSOLEUtilsGetType
 .text.CONSOLEUtilsSetType
                0x8000b744       0x40 ../libutils.a(console_utils.o)
                0x8000b744                CONSOLEUtilsSetType
 .text.CONSOLEUtilsGetc
                0x8000b784       0x40 ../libutils.a(console_utils.o)
                0x8000b784                CONSOLEUtilsGetc
 .text.CONSOLEUtilsPutc
                0x8000b7c4       0x40 ../libutils.a(console_utils.o)
                0x8000b7c4                CONSOLEUtilsPutc
 .text.CONSOLEUtilsGets
                0x8000b804       0x50 ../libutils.a(console_utils.o)
                0x8000b804                CONSOLEUtilsGets
 .text.CONSOLEUtilsPuts
                0x8000b854       0x40 ../libutils.a(console_utils.o)
                0x8000b854                CONSOLEUtilsPuts
 .text.CONSOLEUtilsPrintf
                0x8000b894       0x64 ../libutils.a(console_utils.o)
                0x8000b894                CONSOLEUtilsPrintf
 .text.CONSOLEUtilsScanf
                0x8000b8f8       0x64 ../libutils.a(console_utils.o)
                0x8000b8f8                CONSOLEUtilsScanf
 .text.CONSOLEUtilsGetNonBlockingInput
                0x8000b95c       0x5c ../libutils.a(console_utils.o)
                0x8000b95c                CONSOLEUtilsGetNonBlockingInput
 .text.ConsoleUtilsInit
                0x8000b9b8        0xc ../libutils.a(console_utils.o)
                0x8000b9b8                ConsoleUtilsInit
 .text.ConsoleUtilsSetType
                0x8000b9c4       0x2c ../libutils.a(console_utils.o)
                0x8000b9c4                ConsoleUtilsSetType
 .text.ConsoleUtilsPrintf
                0x8000b9f0       0x6c ../libutils.a(console_utils.o)
                0x8000b9f0                ConsoleUtilsPrintf
 .text.ConsoleUtilsScanf
                0x8000ba5c       0x64 ../libutils.a(console_utils.o)
                0x8000ba5c                ConsoleUtilsScanf
 .text.ConsoleUtilsGets
                0x8000bac0       0x40 ../libutils.a(console_utils.o)
                0x8000bac0                ConsoleUtilsGets
 .text.ConsoleUtilsPuts
                0x8000bb00       0x34 ../libutils.a(console_utils.o)
                0x8000bb00                ConsoleUtilsPuts
 .text.ConsoleUtilsGetChar
                0x8000bb34       0x48 ../libutils.a(console_utils.o)
                0x8000bb34                ConsoleUtilsGetChar
 .text.ConsoleUtilsPutChar
                0x8000bb7c       0x34 ../libutils.a(console_utils.o)
                0x8000bb7c                ConsoleUtilsPutChar
 .text          0x8000bbb0        0x0 ../libutils.a(agraph.o)
 .text.ag_valid_node
                0x8000bbb0       0x1c ../libutils.a(agraph.o)
                0x8000bbb0                ag_valid_node
 .text.ag_get_node
                0x8000bbcc       0x24 ../libutils.a(agraph.o)
                0x8000bbcc                ag_get_node
 .text.ag_get_node_prop
                0x8000bbf0        0xc ../libutils.a(agraph.o)
                0x8000bbf0                ag_get_node_prop
 .text.ag_get_predecessors
                0x8000bbfc       0x7c ../libutils.a(agraph.o)
                0x8000bbfc                ag_get_predecessors
 .text.ag_get_edge_prop
                0x8000bc78        0xc ../libutils.a(agraph.o)
                0x8000bc78                ag_get_edge_prop
 .text.ag_get_prop_type
                0x8000bc84       0x10 ../libutils.a(agraph.o)
                0x8000bc84                ag_get_prop_type
 .text.ag_get_prop_ptr
                0x8000bc94       0x10 ../libutils.a(agraph.o)
                0x8000bc94                ag_get_prop_ptr
 .text          0x8000bca4        0x0 ../libutils.a(i2c_utils.o)
 .text.I2cUtilsStatusCheck.isra.1
                0x8000bca4       0xb8 ../libutils.a(i2c_utils.o)
 .text.I2cUtilsTransceive
                0x8000bd5c      0x5b4 ../libutils.a(i2c_utils.o)
 .text.I2CUtilsWrite
                0x8000c310       0xc0 ../libutils.a(i2c_utils.o)
                0x8000c310                I2CUtilsWrite
 .text.I2CUtilsRead
                0x8000c3d0       0xb0 ../libutils.a(i2c_utils.o)
                0x8000c3d0                I2CUtilsRead
 .text.I2C1ModuleClkConfig
                0x8000c480       0x64 ../libutils.a(i2c_utils.o)
                0x8000c480                I2C1ModuleClkConfig
 .text.I2C0ModuleClkConfig
                0x8000c4e4       0x64 ../libutils.a(i2c_utils.o)
                0x8000c4e4                I2C0ModuleClkConfig
 .text.I2C2ModuleClkConfig
                0x8000c548       0x64 ../libutils.a(i2c_utils.o)
                0x8000c548                I2C2ModuleClkConfig
 .text.I2CUtilsInit
                0x8000c5ac      0x278 ../libutils.a(i2c_utils.o)
                0x8000c5ac                I2CUtilsInit
 .text          0x8000c824        0x0 ../libutils.a(console_utils_uart.o)
 .text.ConsoleUtilsUartClearBuf
                0x8000c824       0x68 ../libutils.a(console_utils_uart.o)
 .text.ConsoleUtilsUartDecode
                0x8000c88c      0x470 ../libutils.a(console_utils_uart.o)
 .text.CONSOLEUtilsUartInit
                0x8000ccfc      0x11c ../libutils.a(console_utils_uart.o)
                0x8000ccfc                CONSOLEUtilsUartInit
 .text.CONSOLEUtilsUartPutChar
                0x8000ce18       0xdc ../libutils.a(console_utils_uart.o)
                0x8000ce18                CONSOLEUtilsUartPutChar
 .text.ConsoleUtilsUartBlockingRead
                0x8000cef4      0x1ec ../libutils.a(console_utils_uart.o)
 .text.CONSOLEUtilsUartGetChar
                0x8000d0e0       0x54 ../libutils.a(console_utils_uart.o)
                0x8000d0e0                CONSOLEUtilsUartGetChar
 .text.CONSOLEUtilsUartGetStr
                0x8000d134       0xb4 ../libutils.a(console_utils_uart.o)
                0x8000d134                CONSOLEUtilsUartGetStr
 .text.CONSOLEUtilsUartPutStr
                0x8000d1e8       0x40 ../libutils.a(console_utils_uart.o)
                0x8000d1e8                CONSOLEUtilsUartPutStr
 .text.CONSOLEUtilsUartPrintFmt
                0x8000d228      0xca0 ../libutils.a(console_utils_uart.o)
                0x8000d228                CONSOLEUtilsUartPrintFmt
 .text.CONSOLEUtilsUartScanFmt
                0x8000dec8      0x188 ../libutils.a(console_utils_uart.o)
                0x8000dec8                CONSOLEUtilsUartScanFmt
 .text.CONSOLEUtilsUartGetNonBlockingInput
                0x8000e050      0x31c ../libutils.a(console_utils_uart.o)
                0x8000e050                CONSOLEUtilsUartGetNonBlockingInput
 .text.CONSOLEUtilsUartGetBlockingInput
                0x8000e36c       0xb8 ../libutils.a(console_utils_uart.o)
                0x8000e36c                CONSOLEUtilsUartGetBlockingInput
 .text          0x8000e424        0x0 ../libutils.a(ascii_utils.o)
 .text.ASCIIUtilsCharToDigit
                0x8000e424       0x78 ../libutils.a(ascii_utils.o)
                0x8000e424                ASCIIUtilsCharToDigit
 .text.ASCIIUtilsDigitToChar
                0x8000e49c       0x38 ../libutils.a(ascii_utils.o)
                0x8000e49c                ASCIIUtilsDigitToChar
 .text.ASCIIUtilsStrToEthrAddr
                0x8000e4d4      0x1b8 ../libutils.a(ascii_utils.o)
                0x8000e4d4                ASCIIUtilsStrToEthrAddr
 .text.ASCIIUtilsEthrAddrToStr
                0x8000e68c       0x8c ../libutils.a(ascii_utils.o)
                0x8000e68c                ASCIIUtilsEthrAddrToStr
 .text.ASCIIUtilsTimeToStr
                0x8000e718       0xf0 ../libutils.a(ascii_utils.o)
                0x8000e718                ASCIIUtilsTimeToStr
 .text.ASCIIUtilsDateToStr
                0x8000e808       0xf0 ../libutils.a(ascii_utils.o)
                0x8000e808                ASCIIUtilsDateToStr
 .text.ASCIIToDigit
                0x8000e8f8        0xc ../libutils.a(ascii_utils.o)
                0x8000e8f8                ASCIIToDigit
 .text.DigitToASCII
                0x8000e904       0x38 ../libutils.a(ascii_utils.o)
                0x8000e904                DigitToASCII
 .text.StrToEthrAddr
                0x8000e93c        0xc ../libutils.a(ascii_utils.o)
                0x8000e93c                StrToEthrAddr
 .text.EthrAddrToStr
                0x8000e948        0xc ../libutils.a(ascii_utils.o)
                0x8000e948                EthrAddrToStr
 .text.TimeToStr
                0x8000e954        0xc ../libutils.a(ascii_utils.o)
                0x8000e954                TimeToStr
 .text.DateToStr
                0x8000e960        0xc ../libutils.a(ascii_utils.o)
                0x8000e960                DateToStr
 .text          0x8000e96c      0x114 c:/ti/gcc-arm-none-eabi-6-2017-q1-update/bin/../lib/gcc/arm-none-eabi/6.3.1/hard\libgcc.a(_udivsi3.o)
                0x8000e96c                __aeabi_uidiv
                0x8000e96c                __udivsi3
                0x8000ea60                __aeabi_uidivmod
 .text          0x8000ea80        0x4 c:/ti/gcc-arm-none-eabi-6-2017-q1-update/bin/../lib/gcc/arm-none-eabi/6.3.1/hard\libgcc.a(_dvmd_tls.o)
                0x8000ea80                __aeabi_idiv0
                0x8000ea80                __aeabi_ldiv0
 .text          0x8000ea84       0x3c c:/ti/gcc-arm-none-eabi-6-2017-q1-update/bin/../lib/gcc/arm-none-eabi/6.3.1/hard\libgcc.a(_aeabi_uldivmod.o)
                0x8000ea84                __aeabi_uldivmod
 .text          0x8000eac0       0x48 c:/ti/gcc-arm-none-eabi-6-2017-q1-update/bin/../lib/gcc/arm-none-eabi/6.3.1/hard\libgcc.a(_fixunsdfdi.o)
                0x8000eac0                __fixunsdfdi
                0x8000eac0                __aeabi_d2ulz
 .text          0x8000eb08      0x12c c:/ti/gcc-arm-none-eabi-6-2017-q1-update/bin/../lib/gcc/arm-none-eabi/6.3.1/hard\libgcc.a(_udivmoddi4.o)
                0x8000eb08                __udivmoddi4
 .text          0x8000ec34       0x28 c:/ti/gcc-arm-none-eabi-6-2017-q1-update/bin/../lib/gcc/arm-none-eabi/6.3.1/hard\libgcc.a(_clzdi2.o)
                0x8000ec34                __clzdi2
 .text          0x8000ec5c       0x48 c:/ti/gcc-arm-none-eabi-6-2017-q1-update/bin/../lib/gcc/arm-none-eabi/6.3.1/hard\libgcc.a(_clzsi2.o)
                0x8000ec5c                __clzsi2
 .text          0x8000eca4        0x0 c:/ti/gcc-arm-none-eabi-6-2017-q1-update/bin/../lib/gcc/arm-none-eabi/6.3.1/../../../../arm-none-eabi/lib/hard\libg.a(lib_a-assert.o)
 .text.__assert_func
                0x8000eca4       0x50 c:/ti/gcc-arm-none-eabi-6-2017-q1-update/bin/../lib/gcc/arm-none-eabi/6.3.1/../../../../arm-none-eabi/lib/hard\libg.a(lib_a-assert.o)
                0x8000eca4                __assert_func
 .text.__assert
                0x8000ecf4       0x10 c:/ti/gcc-arm-none-eabi-6-2017-q1-update/bin/../lib/gcc/arm-none-eabi/6.3.1/../../../../arm-none-eabi/lib/hard\libg.a(lib_a-assert.o)
                0x8000ecf4                __assert
 .text          0x8000ed04        0x0 c:/ti/gcc-arm-none-eabi-6-2017-q1-update/bin/../lib/gcc/arm-none-eabi/6.3.1/../../../../arm-none-eabi/lib/hard\libg.a(lib_a-fiprintf.o)
 .text._fiprintf_r
                0x8000ed04       0x30 c:/ti/gcc-arm-none-eabi-6-2017-q1-update/bin/../lib/gcc/arm-none-eabi/6.3.1/../../../../arm-none-eabi/lib/hard\libg.a(lib_a-fiprintf.o)
                0x8000ed04                _fiprintf_r
 .text.fiprintf
                0x8000ed34       0x40 c:/ti/gcc-arm-none-eabi-6-2017-q1-update/bin/../lib/gcc/arm-none-eabi/6.3.1/../../../../arm-none-eabi/lib/hard\libg.a(lib_a-fiprintf.o)
                0x8000ed34                fiprintf
 .text          0x8000ed74        0x0 c:/ti/gcc-arm-none-eabi-6-2017-q1-update/bin/../lib/gcc/arm-none-eabi/6.3.1/../../../../arm-none-eabi/lib/hard\libg.a(lib_a-memcpy-stub.o)
 .text.memcpy   0x8000ed74      0x114 c:/ti/gcc-arm-none-eabi-6-2017-q1-update/bin/../lib/gcc/arm-none-eabi/6.3.1/../../../../arm-none-eabi/lib/hard\libg.a(lib_a-memcpy-stub.o)
                0x8000ed74                memcpy
 .text          0x8000ee88        0x0 c:/ti/gcc-arm-none-eabi-6-2017-q1-update/bin/../lib/gcc/arm-none-eabi/6.3.1/../../../../arm-none-eabi/lib/hard\libg.a(lib_a-strncmp.o)
 .text.strncmp  0x8000ee88      0x110 c:/ti/gcc-arm-none-eabi-6-2017-q1-update/bin/../lib/gcc/arm-none-eabi/6.3.1/../../../../arm-none-eabi/lib/hard\libg.a(lib_a-strncmp.o)
                0x8000ee88                strncmp
 .text          0x8000ef98        0x0 c:/ti/gcc-arm-none-eabi-6-2017-q1-update/bin/../lib/gcc/arm-none-eabi/6.3.1/../../../../arm-none-eabi/lib/hard\libg.a(lib_a-vfiprintf.o)
 .text.__sprint_r.part.0
                0x8000ef98       0xb0 c:/ti/gcc-arm-none-eabi-6-2017-q1-update/bin/../lib/gcc/arm-none-eabi/6.3.1/../../../../arm-none-eabi/lib/hard\libg.a(lib_a-vfiprintf.o)
 .text.__sprint_r
                0x8000f048       0x18 c:/ti/gcc-arm-none-eabi-6-2017-q1-update/bin/../lib/gcc/arm-none-eabi/6.3.1/../../../../arm-none-eabi/lib/hard\libg.a(lib_a-vfiprintf.o)
                0x8000f048                __sprint_r
 .text._vfiprintf_r
                0x8000f060     0x1304 c:/ti/gcc-arm-none-eabi-6-2017-q1-update/bin/../lib/gcc/arm-none-eabi/6.3.1/../../../../arm-none-eabi/lib/hard\libg.a(lib_a-vfiprintf.o)
                0x8000f060                _vfiprintf_r
 .text.vfiprintf
                0x80010364       0x1c c:/ti/gcc-arm-none-eabi-6-2017-q1-update/bin/../lib/gcc/arm-none-eabi/6.3.1/../../../../arm-none-eabi/lib/hard\libg.a(lib_a-vfiprintf.o)
                0x80010364                vfiprintf
 .text.__sbprintf
                0x80010380       0xd0 c:/ti/gcc-arm-none-eabi-6-2017-q1-update/bin/../lib/gcc/arm-none-eabi/6.3.1/../../../../arm-none-eabi/lib/hard\libg.a(lib_a-vfiprintf.o)
 .text          0x80010450        0x0 c:/ti/gcc-arm-none-eabi-6-2017-q1-update/bin/../lib/gcc/arm-none-eabi/6.3.1/../../../../arm-none-eabi/lib/hard\libg.a(lib_a-wsetup.o)
 .text.__swsetup_r
                0x80010450      0x164 c:/ti/gcc-arm-none-eabi-6-2017-q1-update/bin/../lib/gcc/arm-none-eabi/6.3.1/../../../../arm-none-eabi/lib/hard\libg.a(lib_a-wsetup.o)
                0x80010450                __swsetup_r
 .text          0x800105b4        0x0 c:/ti/gcc-arm-none-eabi-6-2017-q1-update/bin/../lib/gcc/arm-none-eabi/6.3.1/../../../../arm-none-eabi/lib/hard\libg.a(lib_a-abort.o)
 .text.abort    0x800105b4       0x14 c:/ti/gcc-arm-none-eabi-6-2017-q1-update/bin/../lib/gcc/arm-none-eabi/6.3.1/../../../../arm-none-eabi/lib/hard\libg.a(lib_a-abort.o)
                0x800105b4                abort
 .text          0x800105c8        0x0 c:/ti/gcc-arm-none-eabi-6-2017-q1-update/bin/../lib/gcc/arm-none-eabi/6.3.1/../../../../arm-none-eabi/lib/hard\libg.a(lib_a-fflush.o)
 .text.__sflush_r
                0x800105c8      0x23c c:/ti/gcc-arm-none-eabi-6-2017-q1-update/bin/../lib/gcc/arm-none-eabi/6.3.1/../../../../arm-none-eabi/lib/hard\libg.a(lib_a-fflush.o)
                0x800105c8                __sflush_r
 .text._fflush_r
                0x80010804       0x9c c:/ti/gcc-arm-none-eabi-6-2017-q1-update/bin/../lib/gcc/arm-none-eabi/6.3.1/../../../../arm-none-eabi/lib/hard\libg.a(lib_a-fflush.o)
                0x80010804                _fflush_r
 .text.fflush   0x800108a0       0x38 c:/ti/gcc-arm-none-eabi-6-2017-q1-update/bin/../lib/gcc/arm-none-eabi/6.3.1/../../../../arm-none-eabi/lib/hard\libg.a(lib_a-fflush.o)
                0x800108a0                fflush
 .text          0x800108d8        0x0 c:/ti/gcc-arm-none-eabi-6-2017-q1-update/bin/../lib/gcc/arm-none-eabi/6.3.1/../../../../arm-none-eabi/lib/hard\libg.a(lib_a-findfp.o)
 .text._cleanup_r
                0x800108d8       0x18 c:/ti/gcc-arm-none-eabi-6-2017-q1-update/bin/../lib/gcc/arm-none-eabi/6.3.1/../../../../arm-none-eabi/lib/hard\libg.a(lib_a-findfp.o)
                0x800108d8                _cleanup_r
 .text.std.isra.0
                0x800108f0       0x84 c:/ti/gcc-arm-none-eabi-6-2017-q1-update/bin/../lib/gcc/arm-none-eabi/6.3.1/../../../../arm-none-eabi/lib/hard\libg.a(lib_a-findfp.o)
 .text.__fp_lock
                0x80010974       0x38 c:/ti/gcc-arm-none-eabi-6-2017-q1-update/bin/../lib/gcc/arm-none-eabi/6.3.1/../../../../arm-none-eabi/lib/hard\libg.a(lib_a-findfp.o)
 .text.__fp_unlock
                0x800109ac       0x38 c:/ti/gcc-arm-none-eabi-6-2017-q1-update/bin/../lib/gcc/arm-none-eabi/6.3.1/../../../../arm-none-eabi/lib/hard\libg.a(lib_a-findfp.o)
 .text.__sfmoreglue
                0x800109e4       0x50 c:/ti/gcc-arm-none-eabi-6-2017-q1-update/bin/../lib/gcc/arm-none-eabi/6.3.1/../../../../arm-none-eabi/lib/hard\libg.a(lib_a-findfp.o)
                0x800109e4                __sfmoreglue
 .text._cleanup
                0x80010a34       0x24 c:/ti/gcc-arm-none-eabi-6-2017-q1-update/bin/../lib/gcc/arm-none-eabi/6.3.1/../../../../arm-none-eabi/lib/hard\libg.a(lib_a-findfp.o)
                0x80010a34                _cleanup
 .text.__sinit  0x80010a58       0x94 c:/ti/gcc-arm-none-eabi-6-2017-q1-update/bin/../lib/gcc/arm-none-eabi/6.3.1/../../../../arm-none-eabi/lib/hard\libg.a(lib_a-findfp.o)
                0x80010a58                __sinit
 .text.__sfp    0x80010aec      0x120 c:/ti/gcc-arm-none-eabi-6-2017-q1-update/bin/../lib/gcc/arm-none-eabi/6.3.1/../../../../arm-none-eabi/lib/hard\libg.a(lib_a-findfp.o)
                0x80010aec                __sfp
 .text.__sfp_lock_acquire
                0x80010c0c       0x18 c:/ti/gcc-arm-none-eabi-6-2017-q1-update/bin/../lib/gcc/arm-none-eabi/6.3.1/../../../../arm-none-eabi/lib/hard\libg.a(lib_a-findfp.o)
                0x80010c0c                __sfp_lock_acquire
 .text.__sfp_lock_release
                0x80010c24       0x18 c:/ti/gcc-arm-none-eabi-6-2017-q1-update/bin/../lib/gcc/arm-none-eabi/6.3.1/../../../../arm-none-eabi/lib/hard\libg.a(lib_a-findfp.o)
                0x80010c24                __sfp_lock_release
 .text.__sinit_lock_acquire
                0x80010c3c       0x18 c:/ti/gcc-arm-none-eabi-6-2017-q1-update/bin/../lib/gcc/arm-none-eabi/6.3.1/../../../../arm-none-eabi/lib/hard\libg.a(lib_a-findfp.o)
                0x80010c3c                __sinit_lock_acquire
 .text.__sinit_lock_release
                0x80010c54       0x18 c:/ti/gcc-arm-none-eabi-6-2017-q1-update/bin/../lib/gcc/arm-none-eabi/6.3.1/../../../../arm-none-eabi/lib/hard\libg.a(lib_a-findfp.o)
                0x80010c54                __sinit_lock_release
 .text.__fp_lock_all
                0x80010c6c       0x30 c:/ti/gcc-arm-none-eabi-6-2017-q1-update/bin/../lib/gcc/arm-none-eabi/6.3.1/../../../../arm-none-eabi/lib/hard\libg.a(lib_a-findfp.o)
                0x80010c6c                __fp_lock_all
 .text.__fp_unlock_all
                0x80010c9c       0x30 c:/ti/gcc-arm-none-eabi-6-2017-q1-update/bin/../lib/gcc/arm-none-eabi/6.3.1/../../../../arm-none-eabi/lib/hard\libg.a(lib_a-findfp.o)
                0x80010c9c                __fp_unlock_all
 .text          0x80010ccc        0x0 c:/ti/gcc-arm-none-eabi-6-2017-q1-update/bin/../lib/gcc/arm-none-eabi/6.3.1/../../../../arm-none-eabi/lib/hard\libg.a(lib_a-fputwc.o)
 .text.__fputwc
                0x80010ccc      0x110 c:/ti/gcc-arm-none-eabi-6-2017-q1-update/bin/../lib/gcc/arm-none-eabi/6.3.1/../../../../arm-none-eabi/lib/hard\libg.a(lib_a-fputwc.o)
                0x80010ccc                __fputwc
 .text._fputwc_r
                0x80010ddc       0xbc c:/ti/gcc-arm-none-eabi-6-2017-q1-update/bin/../lib/gcc/arm-none-eabi/6.3.1/../../../../arm-none-eabi/lib/hard\libg.a(lib_a-fputwc.o)
                0x80010ddc                _fputwc_r
 .text.fputwc   0x80010e98       0x44 c:/ti/gcc-arm-none-eabi-6-2017-q1-update/bin/../lib/gcc/arm-none-eabi/6.3.1/../../../../arm-none-eabi/lib/hard\libg.a(lib_a-fputwc.o)
                0x80010e98                fputwc
 .text          0x80010edc        0x0 c:/ti/gcc-arm-none-eabi-6-2017-q1-update/bin/../lib/gcc/arm-none-eabi/6.3.1/../../../../arm-none-eabi/lib/hard\libg.a(lib_a-freer.o)
 .text._malloc_trim_r
                0x80010edc      0x100 c:/ti/gcc-arm-none-eabi-6-2017-q1-update/bin/../lib/gcc/arm-none-eabi/6.3.1/../../../../arm-none-eabi/lib/hard\libg.a(lib_a-freer.o)
                0x80010edc                _malloc_trim_r
 .text._free_r  0x80010fdc      0x2e0 c:/ti/gcc-arm-none-eabi-6-2017-q1-update/bin/../lib/gcc/arm-none-eabi/6.3.1/../../../../arm-none-eabi/lib/hard\libg.a(lib_a-freer.o)
                0x80010fdc                _free_r
 .text          0x800112bc        0x0 c:/ti/gcc-arm-none-eabi-6-2017-q1-update/bin/../lib/gcc/arm-none-eabi/6.3.1/../../../../arm-none-eabi/lib/hard\libg.a(lib_a-fvwrite.o)
 .text.__sfvwrite_r
                0x800112bc      0x4dc c:/ti/gcc-arm-none-eabi-6-2017-q1-update/bin/../lib/gcc/arm-none-eabi/6.3.1/../../../../arm-none-eabi/lib/hard\libg.a(lib_a-fvwrite.o)
                0x800112bc                __sfvwrite_r
 .text          0x80011798        0x0 c:/ti/gcc-arm-none-eabi-6-2017-q1-update/bin/../lib/gcc/arm-none-eabi/6.3.1/../../../../arm-none-eabi/lib/hard\libg.a(lib_a-fwalk.o)
 .text._fwalk   0x80011798       0x84 c:/ti/gcc-arm-none-eabi-6-2017-q1-update/bin/../lib/gcc/arm-none-eabi/6.3.1/../../../../arm-none-eabi/lib/hard\libg.a(lib_a-fwalk.o)
                0x80011798                _fwalk
 .text._fwalk_reent
                0x8001181c       0x8c c:/ti/gcc-arm-none-eabi-6-2017-q1-update/bin/../lib/gcc/arm-none-eabi/6.3.1/../../../../arm-none-eabi/lib/hard\libg.a(lib_a-fwalk.o)
                0x8001181c                _fwalk_reent
 .text          0x800118a8        0x0 c:/ti/gcc-arm-none-eabi-6-2017-q1-update/bin/../lib/gcc/arm-none-eabi/6.3.1/../../../../arm-none-eabi/lib/hard\libg.a(lib_a-locale.o)
 .text._setlocale_r
                0x800118a8       0x68 c:/ti/gcc-arm-none-eabi-6-2017-q1-update/bin/../lib/gcc/arm-none-eabi/6.3.1/../../../../arm-none-eabi/lib/hard\libg.a(lib_a-locale.o)
                0x800118a8                _setlocale_r
 .text.__locale_mb_cur_max
                0x80011910       0x28 c:/ti/gcc-arm-none-eabi-6-2017-q1-update/bin/../lib/gcc/arm-none-eabi/6.3.1/../../../../arm-none-eabi/lib/hard\libg.a(lib_a-locale.o)
                0x80011910                __locale_mb_cur_max
 .text.__locale_ctype_ptr_l
                0x80011938        0x8 c:/ti/gcc-arm-none-eabi-6-2017-q1-update/bin/../lib/gcc/arm-none-eabi/6.3.1/../../../../arm-none-eabi/lib/hard\libg.a(lib_a-locale.o)
                0x80011938                __locale_ctype_ptr_l
 .text.__locale_ctype_ptr
                0x80011940       0x28 c:/ti/gcc-arm-none-eabi-6-2017-q1-update/bin/../lib/gcc/arm-none-eabi/6.3.1/../../../../arm-none-eabi/lib/hard\libg.a(lib_a-locale.o)
                0x80011940                __locale_ctype_ptr
 .text.setlocale
                0x80011968       0x18 c:/ti/gcc-arm-none-eabi-6-2017-q1-update/bin/../lib/gcc/arm-none-eabi/6.3.1/../../../../arm-none-eabi/lib/hard\libg.a(lib_a-locale.o)
                0x80011968                setlocale
 .text          0x80011980        0x0 c:/ti/gcc-arm-none-eabi-6-2017-q1-update/bin/../lib/gcc/arm-none-eabi/6.3.1/../../../../arm-none-eabi/lib/hard\libg.a(lib_a-makebuf.o)
 .text.__swhatbuf_r
                0x80011980       0xa0 c:/ti/gcc-arm-none-eabi-6-2017-q1-update/bin/../lib/gcc/arm-none-eabi/6.3.1/../../../../arm-none-eabi/lib/hard\libg.a(lib_a-makebuf.o)
                0x80011980                __swhatbuf_r
 .text.__smakebuf_r
                0x80011a20      0x100 c:/ti/gcc-arm-none-eabi-6-2017-q1-update/bin/../lib/gcc/arm-none-eabi/6.3.1/../../../../arm-none-eabi/lib/hard\libg.a(lib_a-makebuf.o)
                0x80011a20                __smakebuf_r
 .text          0x80011b20        0x0 c:/ti/gcc-arm-none-eabi-6-2017-q1-update/bin/../lib/gcc/arm-none-eabi/6.3.1/../../../../arm-none-eabi/lib/hard\libg.a(lib_a-mallocr.o)
 .text._malloc_r
                0x80011b20      0x78c c:/ti/gcc-arm-none-eabi-6-2017-q1-update/bin/../lib/gcc/arm-none-eabi/6.3.1/../../../../arm-none-eabi/lib/hard\libg.a(lib_a-mallocr.o)
                0x80011b20                _malloc_r
 .text          0x800122ac        0x0 c:/ti/gcc-arm-none-eabi-6-2017-q1-update/bin/../lib/gcc/arm-none-eabi/6.3.1/../../../../arm-none-eabi/lib/hard\libg.a(lib_a-mbtowc_r.o)
 .text._mbtowc_r
                0x800122ac       0x34 c:/ti/gcc-arm-none-eabi-6-2017-q1-update/bin/../lib/gcc/arm-none-eabi/6.3.1/../../../../arm-none-eabi/lib/hard\libg.a(lib_a-mbtowc_r.o)
                0x800122ac                _mbtowc_r
 .text.__ascii_mbtowc
                0x800122e0       0x4c c:/ti/gcc-arm-none-eabi-6-2017-q1-update/bin/../lib/gcc/arm-none-eabi/6.3.1/../../../../arm-none-eabi/lib/hard\libg.a(lib_a-mbtowc_r.o)
                0x800122e0                __ascii_mbtowc
 .text          0x8001232c        0x0 c:/ti/gcc-arm-none-eabi-6-2017-q1-update/bin/../lib/gcc/arm-none-eabi/6.3.1/../../../../arm-none-eabi/lib/hard\libg.a(lib_a-memchr-stub.o)
 .text.memchr   0x8001232c      0x110 c:/ti/gcc-arm-none-eabi-6-2017-q1-update/bin/../lib/gcc/arm-none-eabi/6.3.1/../../../../arm-none-eabi/lib/hard\libg.a(lib_a-memchr-stub.o)
                0x8001232c                memchr
 .text          0x8001243c        0x0 c:/ti/gcc-arm-none-eabi-6-2017-q1-update/bin/../lib/gcc/arm-none-eabi/6.3.1/../../../../arm-none-eabi/lib/hard\libg.a(lib_a-memmove.o)
 .text.memmove  0x8001243c      0x148 c:/ti/gcc-arm-none-eabi-6-2017-q1-update/bin/../lib/gcc/arm-none-eabi/6.3.1/../../../../arm-none-eabi/lib/hard\libg.a(lib_a-memmove.o)
                0x8001243c                memmove
 .text          0x80012584        0x0 c:/ti/gcc-arm-none-eabi-6-2017-q1-update/bin/../lib/gcc/arm-none-eabi/6.3.1/../../../../arm-none-eabi/lib/hard\libg.a(lib_a-mlock.o)
 .text.__malloc_lock
                0x80012584       0x18 c:/ti/gcc-arm-none-eabi-6-2017-q1-update/bin/../lib/gcc/arm-none-eabi/6.3.1/../../../../arm-none-eabi/lib/hard\libg.a(lib_a-mlock.o)
                0x80012584                __malloc_lock
 .text.__malloc_unlock
                0x8001259c       0x18 c:/ti/gcc-arm-none-eabi-6-2017-q1-update/bin/../lib/gcc/arm-none-eabi/6.3.1/../../../../arm-none-eabi/lib/hard\libg.a(lib_a-mlock.o)
                0x8001259c                __malloc_unlock
 .text          0x800125b4        0x0 c:/ti/gcc-arm-none-eabi-6-2017-q1-update/bin/../lib/gcc/arm-none-eabi/6.3.1/../../../../arm-none-eabi/lib/hard\libg.a(lib_a-reallocr.o)
 .text._realloc_r
                0x800125b4      0x4d4 c:/ti/gcc-arm-none-eabi-6-2017-q1-update/bin/../lib/gcc/arm-none-eabi/6.3.1/../../../../arm-none-eabi/lib/hard\libg.a(lib_a-reallocr.o)
                0x800125b4                _realloc_r
 .text          0x80012a88        0x0 c:/ti/gcc-arm-none-eabi-6-2017-q1-update/bin/../lib/gcc/arm-none-eabi/6.3.1/../../../../arm-none-eabi/lib/hard\libg.a(lib_a-sbrkr.o)
 .text._sbrk_r  0x80012a88       0x44 c:/ti/gcc-arm-none-eabi-6-2017-q1-update/bin/../lib/gcc/arm-none-eabi/6.3.1/../../../../arm-none-eabi/lib/hard\libg.a(lib_a-sbrkr.o)
                0x80012a88                _sbrk_r
 .text          0x80012acc        0x0 c:/ti/gcc-arm-none-eabi-6-2017-q1-update/bin/../lib/gcc/arm-none-eabi/6.3.1/../../../../arm-none-eabi/lib/hard\libg.a(lib_a-signal.o)
 .text._init_signal_r.part.0
                0x80012acc       0x48 c:/ti/gcc-arm-none-eabi-6-2017-q1-update/bin/../lib/gcc/arm-none-eabi/6.3.1/../../../../arm-none-eabi/lib/hard\libg.a(lib_a-signal.o)
 .text._init_signal_r
                0x80012b14       0x18 c:/ti/gcc-arm-none-eabi-6-2017-q1-update/bin/../lib/gcc/arm-none-eabi/6.3.1/../../../../arm-none-eabi/lib/hard\libg.a(lib_a-signal.o)
                0x80012b14                _init_signal_r
 .text._signal_r
                0x80012b2c       0x6c c:/ti/gcc-arm-none-eabi-6-2017-q1-update/bin/../lib/gcc/arm-none-eabi/6.3.1/../../../../arm-none-eabi/lib/hard\libg.a(lib_a-signal.o)
                0x80012b2c                _signal_r
 .text._raise_r
                0x80012b98       0xa4 c:/ti/gcc-arm-none-eabi-6-2017-q1-update/bin/../lib/gcc/arm-none-eabi/6.3.1/../../../../arm-none-eabi/lib/hard\libg.a(lib_a-signal.o)
                0x80012b98                _raise_r
 .text.__sigtramp_r
                0x80012c3c       0x9c c:/ti/gcc-arm-none-eabi-6-2017-q1-update/bin/../lib/gcc/arm-none-eabi/6.3.1/../../../../arm-none-eabi/lib/hard\libg.a(lib_a-signal.o)
                0x80012c3c                __sigtramp_r
 .text.raise    0x80012cd8       0x14 c:/ti/gcc-arm-none-eabi-6-2017-q1-update/bin/../lib/gcc/arm-none-eabi/6.3.1/../../../../arm-none-eabi/lib/hard\libg.a(lib_a-signal.o)
                0x80012cd8                raise
 .text.signal   0x80012cec       0x18 c:/ti/gcc-arm-none-eabi-6-2017-q1-update/bin/../lib/gcc/arm-none-eabi/6.3.1/../../../../arm-none-eabi/lib/hard\libg.a(lib_a-signal.o)
                0x80012cec                signal
 .text._init_signal
                0x80012d04       0x24 c:/ti/gcc-arm-none-eabi-6-2017-q1-update/bin/../lib/gcc/arm-none-eabi/6.3.1/../../../../arm-none-eabi/lib/hard\libg.a(lib_a-signal.o)
                0x80012d04                _init_signal
 .text.__sigtramp
                0x80012d28       0x14 c:/ti/gcc-arm-none-eabi-6-2017-q1-update/bin/../lib/gcc/arm-none-eabi/6.3.1/../../../../arm-none-eabi/lib/hard\libg.a(lib_a-signal.o)
                0x80012d28                __sigtramp
 .text          0x80012d3c        0x0 c:/ti/gcc-arm-none-eabi-6-2017-q1-update/bin/../lib/gcc/arm-none-eabi/6.3.1/../../../../arm-none-eabi/lib/hard\libg.a(lib_a-signalr.o)
 .text._kill_r  0x80012d3c       0x44 c:/ti/gcc-arm-none-eabi-6-2017-q1-update/bin/../lib/gcc/arm-none-eabi/6.3.1/../../../../arm-none-eabi/lib/hard\libg.a(lib_a-signalr.o)
                0x80012d3c                _kill_r
 .text._getpid_r
                0x80012d80       0x10 c:/ti/gcc-arm-none-eabi-6-2017-q1-update/bin/../lib/gcc/arm-none-eabi/6.3.1/../../../../arm-none-eabi/lib/hard\libg.a(lib_a-signalr.o)
                0x80012d80                _getpid_r
 .text          0x80012d90        0x0 c:/ti/gcc-arm-none-eabi-6-2017-q1-update/bin/../lib/gcc/arm-none-eabi/6.3.1/../../../../arm-none-eabi/lib/hard\libg.a(lib_a-stdio.o)
 .text.__sread  0x80012d90       0x34 c:/ti/gcc-arm-none-eabi-6-2017-q1-update/bin/../lib/gcc/arm-none-eabi/6.3.1/../../../../arm-none-eabi/lib/hard\libg.a(lib_a-stdio.o)
                0x80012d90                __sread
 .text.__seofread
                0x80012dc4        0x8 c:/ti/gcc-arm-none-eabi-6-2017-q1-update/bin/../lib/gcc/arm-none-eabi/6.3.1/../../../../arm-none-eabi/lib/hard\libg.a(lib_a-stdio.o)
                0x80012dc4                __seofread
 .text.__swrite
                0x80012dcc       0x58 c:/ti/gcc-arm-none-eabi-6-2017-q1-update/bin/../lib/gcc/arm-none-eabi/6.3.1/../../../../arm-none-eabi/lib/hard\libg.a(lib_a-stdio.o)
                0x80012dcc                __swrite
 .text.__sseek  0x80012e24       0x30 c:/ti/gcc-arm-none-eabi-6-2017-q1-update/bin/../lib/gcc/arm-none-eabi/6.3.1/../../../../arm-none-eabi/lib/hard\libg.a(lib_a-stdio.o)
                0x80012e24                __sseek
 .text.__sclose
                0x80012e54       0x14 c:/ti/gcc-arm-none-eabi-6-2017-q1-update/bin/../lib/gcc/arm-none-eabi/6.3.1/../../../../arm-none-eabi/lib/hard\libg.a(lib_a-stdio.o)
                0x80012e54                __sclose
 .text          0x80012e68      0x224 c:/ti/gcc-arm-none-eabi-6-2017-q1-update/bin/../lib/gcc/arm-none-eabi/6.3.1/../../../../arm-none-eabi/lib/hard\libg.a(lib_a-strcmp.o)
                0x80012e68                strcmp
 .text          0x8001308c        0x0 c:/ti/gcc-arm-none-eabi-6-2017-q1-update/bin/../lib/gcc/arm-none-eabi/6.3.1/../../../../arm-none-eabi/lib/hard\libg.a(lib_a-strlen-stub.o)
 .text.strlen   0x8001308c       0x60 c:/ti/gcc-arm-none-eabi-6-2017-q1-update/bin/../lib/gcc/arm-none-eabi/6.3.1/../../../../arm-none-eabi/lib/hard\libg.a(lib_a-strlen-stub.o)
                0x8001308c                strlen
 .text          0x800130ec        0x0 c:/ti/gcc-arm-none-eabi-6-2017-q1-update/bin/../lib/gcc/arm-none-eabi/6.3.1/../../../../arm-none-eabi/lib/hard\libg.a(lib_a-wbuf.o)
 .text.__swbuf_r
                0x800130ec      0x134 c:/ti/gcc-arm-none-eabi-6-2017-q1-update/bin/../lib/gcc/arm-none-eabi/6.3.1/../../../../arm-none-eabi/lib/hard\libg.a(lib_a-wbuf.o)
                0x800130ec                __swbuf_r
 .text.__swbuf  0x80013220       0x18 c:/ti/gcc-arm-none-eabi-6-2017-q1-update/bin/../lib/gcc/arm-none-eabi/6.3.1/../../../../arm-none-eabi/lib/hard\libg.a(lib_a-wbuf.o)
                0x80013220                __swbuf
 .text          0x80013238        0x0 c:/ti/gcc-arm-none-eabi-6-2017-q1-update/bin/../lib/gcc/arm-none-eabi/6.3.1/../../../../arm-none-eabi/lib/hard\libg.a(lib_a-wcrtomb.o)
 .text._wcrtomb_r
                0x80013238       0x94 c:/ti/gcc-arm-none-eabi-6-2017-q1-update/bin/../lib/gcc/arm-none-eabi/6.3.1/../../../../arm-none-eabi/lib/hard\libg.a(lib_a-wcrtomb.o)
                0x80013238                _wcrtomb_r
 .text.wcrtomb  0x800132cc       0x98 c:/ti/gcc-arm-none-eabi-6-2017-q1-update/bin/../lib/gcc/arm-none-eabi/6.3.1/../../../../arm-none-eabi/lib/hard\libg.a(lib_a-wcrtomb.o)
                0x800132cc                wcrtomb
 .text          0x80013364        0x0 c:/ti/gcc-arm-none-eabi-6-2017-q1-update/bin/../lib/gcc/arm-none-eabi/6.3.1/../../../../arm-none-eabi/lib/hard\libg.a(lib_a-wctomb_r.o)
 .text._wctomb_r
                0x80013364       0x34 c:/ti/gcc-arm-none-eabi-6-2017-q1-update/bin/../lib/gcc/arm-none-eabi/6.3.1/../../../../arm-none-eabi/lib/hard\libg.a(lib_a-wctomb_r.o)
                0x80013364                _wctomb_r
 .text.__ascii_wctomb
                0x80013398       0x28 c:/ti/gcc-arm-none-eabi-6-2017-q1-update/bin/../lib/gcc/arm-none-eabi/6.3.1/../../../../arm-none-eabi/lib/hard\libg.a(lib_a-wctomb_r.o)
                0x80013398                __ascii_wctomb
 .text          0x800133c0        0x0 c:/ti/gcc-arm-none-eabi-6-2017-q1-update/bin/../lib/gcc/arm-none-eabi/6.3.1/../../../../arm-none-eabi/lib/hard\libg.a(lib_a-writer.o)
 .text._write_r
                0x800133c0       0x48 c:/ti/gcc-arm-none-eabi-6-2017-q1-update/bin/../lib/gcc/arm-none-eabi/6.3.1/../../../../arm-none-eabi/lib/hard\libg.a(lib_a-writer.o)
                0x800133c0                _write_r
 .text          0x80013408        0x0 c:/ti/gcc-arm-none-eabi-6-2017-q1-update/bin/../lib/gcc/arm-none-eabi/6.3.1/../../../../arm-none-eabi/lib/hard\libg.a(lib_a-closer.o)
 .text._close_r
                0x80013408       0x3c c:/ti/gcc-arm-none-eabi-6-2017-q1-update/bin/../lib/gcc/arm-none-eabi/6.3.1/../../../../arm-none-eabi/lib/hard\libg.a(lib_a-closer.o)
                0x80013408                _close_r
 .text          0x80013444        0x0 c:/ti/gcc-arm-none-eabi-6-2017-q1-update/bin/../lib/gcc/arm-none-eabi/6.3.1/../../../../arm-none-eabi/lib/hard\libg.a(lib_a-ctype_.o)
 .text          0x80013444        0x0 c:/ti/gcc-arm-none-eabi-6-2017-q1-update/bin/../lib/gcc/arm-none-eabi/6.3.1/../../../../arm-none-eabi/lib/hard\libg.a(lib_a-fclose.o)
 .text._fclose_r
                0x80013444      0x160 c:/ti/gcc-arm-none-eabi-6-2017-q1-update/bin/../lib/gcc/arm-none-eabi/6.3.1/../../../../arm-none-eabi/lib/hard\libg.a(lib_a-fclose.o)
                0x80013444                _fclose_r
 .text.fclose   0x800135a4       0x14 c:/ti/gcc-arm-none-eabi-6-2017-q1-update/bin/../lib/gcc/arm-none-eabi/6.3.1/../../../../arm-none-eabi/lib/hard\libg.a(lib_a-fclose.o)
                0x800135a4                fclose
 .text          0x800135b8        0x0 c:/ti/gcc-arm-none-eabi-6-2017-q1-update/bin/../lib/gcc/arm-none-eabi/6.3.1/../../../../arm-none-eabi/lib/hard\libg.a(lib_a-fstatr.o)
 .text._fstat_r
                0x800135b8       0x44 c:/ti/gcc-arm-none-eabi-6-2017-q1-update/bin/../lib/gcc/arm-none-eabi/6.3.1/../../../../arm-none-eabi/lib/hard\libg.a(lib_a-fstatr.o)
                0x800135b8                _fstat_r
 .text          0x800135fc        0x0 c:/ti/gcc-arm-none-eabi-6-2017-q1-update/bin/../lib/gcc/arm-none-eabi/6.3.1/../../../../arm-none-eabi/lib/hard\libg.a(lib_a-isattyr.o)
 .text._isatty_r
                0x800135fc       0x3c c:/ti/gcc-arm-none-eabi-6-2017-q1-update/bin/../lib/gcc/arm-none-eabi/6.3.1/../../../../arm-none-eabi/lib/hard\libg.a(lib_a-isattyr.o)
                0x800135fc                _isatty_r
 .text          0x80013638        0x0 c:/ti/gcc-arm-none-eabi-6-2017-q1-update/bin/../lib/gcc/arm-none-eabi/6.3.1/../../../../arm-none-eabi/lib/hard\libg.a(lib_a-lseekr.o)
 .text._lseek_r
                0x80013638       0x48 c:/ti/gcc-arm-none-eabi-6-2017-q1-update/bin/../lib/gcc/arm-none-eabi/6.3.1/../../../../arm-none-eabi/lib/hard\libg.a(lib_a-lseekr.o)
                0x80013638                _lseek_r
 .text          0x80013680        0x0 c:/ti/gcc-arm-none-eabi-6-2017-q1-update/bin/../lib/gcc/arm-none-eabi/6.3.1/../../../../arm-none-eabi/lib/hard\libg.a(lib_a-readr.o)
 .text._read_r  0x80013680       0x48 c:/ti/gcc-arm-none-eabi-6-2017-q1-update/bin/../lib/gcc/arm-none-eabi/6.3.1/../../../../arm-none-eabi/lib/hard\libg.a(lib_a-readr.o)
                0x80013680                _read_r
 .text          0x800136c8        0x0 c:/ti/gcc-arm-none-eabi-6-2017-q1-update/bin/../lib/gcc/arm-none-eabi/6.3.1/../../../../arm-none-eabi/lib/hard\libg.a(lib_a-reent.o)
 .text.cleanup_glue
                0x800136c8       0x2c c:/ti/gcc-arm-none-eabi-6-2017-q1-update/bin/../lib/gcc/arm-none-eabi/6.3.1/../../../../arm-none-eabi/lib/hard\libg.a(lib_a-reent.o)
                0x800136c8                cleanup_glue
 .text._reclaim_reent
                0x800136f4       0xf4 c:/ti/gcc-arm-none-eabi-6-2017-q1-update/bin/../lib/gcc/arm-none-eabi/6.3.1/../../../../arm-none-eabi/lib/hard\libg.a(lib_a-reent.o)
                0x800136f4                _reclaim_reent
 .text          0x800137e8      0x148 c:/ti/gcc-arm-none-eabi-6-2017-q1-update/bin/../lib/gcc/arm-none-eabi/6.3.1/hard\libgcc.a(_divsi3.o)
                0x800137e8                __divsi3
                0x800137e8                __aeabi_idiv
                0x80013910                __aeabi_idivmod
 .text          0x80013930        0x0 c:/ti/gcc-arm-none-eabi-6-2017-q1-update/bin/../lib/gcc/arm-none-eabi/6.3.1/../../../../arm-none-eabi/lib/hard\libnosys.a(close.o)
 .text._close   0x80013930       0x18 c:/ti/gcc-arm-none-eabi-6-2017-q1-update/bin/../lib/gcc/arm-none-eabi/6.3.1/../../../../arm-none-eabi/lib/hard\libnosys.a(close.o)
                0x80013930                _close
 .text          0x80013948        0x0 c:/ti/gcc-arm-none-eabi-6-2017-q1-update/bin/../lib/gcc/arm-none-eabi/6.3.1/../../../../arm-none-eabi/lib/hard\libnosys.a(fstat.o)
 .text._fstat   0x80013948       0x18 c:/ti/gcc-arm-none-eabi-6-2017-q1-update/bin/../lib/gcc/arm-none-eabi/6.3.1/../../../../arm-none-eabi/lib/hard\libnosys.a(fstat.o)
                0x80013948                _fstat
 .text          0x80013960        0x0 c:/ti/gcc-arm-none-eabi-6-2017-q1-update/bin/../lib/gcc/arm-none-eabi/6.3.1/../../../../arm-none-eabi/lib/hard\libnosys.a(getpid.o)
 .text._getpid  0x80013960       0x18 c:/ti/gcc-arm-none-eabi-6-2017-q1-update/bin/../lib/gcc/arm-none-eabi/6.3.1/../../../../arm-none-eabi/lib/hard\libnosys.a(getpid.o)
                0x80013960                _getpid
 .text          0x80013978        0x0 c:/ti/gcc-arm-none-eabi-6-2017-q1-update/bin/../lib/gcc/arm-none-eabi/6.3.1/../../../../arm-none-eabi/lib/hard\libnosys.a(isatty.o)
 .text._isatty  0x80013978       0x18 c:/ti/gcc-arm-none-eabi-6-2017-q1-update/bin/../lib/gcc/arm-none-eabi/6.3.1/../../../../arm-none-eabi/lib/hard\libnosys.a(isatty.o)
                0x80013978                _isatty
 .text          0x80013990        0x0 c:/ti/gcc-arm-none-eabi-6-2017-q1-update/bin/../lib/gcc/arm-none-eabi/6.3.1/../../../../arm-none-eabi/lib/hard\libnosys.a(kill.o)
 .text._kill    0x80013990       0x18 c:/ti/gcc-arm-none-eabi-6-2017-q1-update/bin/../lib/gcc/arm-none-eabi/6.3.1/../../../../arm-none-eabi/lib/hard\libnosys.a(kill.o)
                0x80013990                _kill
 .text          0x800139a8        0x0 c:/ti/gcc-arm-none-eabi-6-2017-q1-update/bin/../lib/gcc/arm-none-eabi/6.3.1/../../../../arm-none-eabi/lib/hard\libnosys.a(lseek.o)
 .text._lseek   0x800139a8       0x18 c:/ti/gcc-arm-none-eabi-6-2017-q1-update/bin/../lib/gcc/arm-none-eabi/6.3.1/../../../../arm-none-eabi/lib/hard\libnosys.a(lseek.o)
                0x800139a8                _lseek
 .text          0x800139c0        0x0 c:/ti/gcc-arm-none-eabi-6-2017-q1-update/bin/../lib/gcc/arm-none-eabi/6.3.1/../../../../arm-none-eabi/lib/hard\libnosys.a(read.o)
 .text._read    0x800139c0       0x18 c:/ti/gcc-arm-none-eabi-6-2017-q1-update/bin/../lib/gcc/arm-none-eabi/6.3.1/../../../../arm-none-eabi/lib/hard\libnosys.a(read.o)
                0x800139c0                _read
 .text          0x800139d8        0x0 c:/ti/gcc-arm-none-eabi-6-2017-q1-update/bin/../lib/gcc/arm-none-eabi/6.3.1/../../../../arm-none-eabi/lib/hard\libnosys.a(sbrk.o)
 .text._sbrk    0x800139d8       0x2c c:/ti/gcc-arm-none-eabi-6-2017-q1-update/bin/../lib/gcc/arm-none-eabi/6.3.1/../../../../arm-none-eabi/lib/hard\libnosys.a(sbrk.o)
                0x800139d8                _sbrk
 .text          0x80013a04        0x0 c:/ti/gcc-arm-none-eabi-6-2017-q1-update/bin/../lib/gcc/arm-none-eabi/6.3.1/../../../../arm-none-eabi/lib/hard\libnosys.a(write.o)
 .text._write   0x80013a04       0x18 c:/ti/gcc-arm-none-eabi-6-2017-q1-update/bin/../lib/gcc/arm-none-eabi/6.3.1/../../../../arm-none-eabi/lib/hard\libnosys.a(write.o)
                0x80013a04                _write
 .text          0x80013a1c        0x0 c:/ti/gcc-arm-none-eabi-6-2017-q1-update/bin/../lib/gcc/arm-none-eabi/6.3.1/../../../../arm-none-eabi/lib/hard\libnosys.a(_exit.o)
 .text._exit    0x80013a1c        0x4 c:/ti/gcc-arm-none-eabi-6-2017-q1-update/bin/../lib/gcc/arm-none-eabi/6.3.1/../../../../arm-none-eabi/lib/hard\libnosys.a(_exit.o)
                0x80013a1c                _exit
 .text          0x80013a20        0x0 c:/ti/gcc-arm-none-eabi-6-2017-q1-update/bin/../lib/gcc/arm-none-eabi/6.3.1/hard/crtend.o
 .text          0x80013a20        0x0 c:/ti/gcc-arm-none-eabi-6-2017-q1-update/bin/../lib/gcc/arm-none-eabi/6.3.1/hard/crtn.o
 *(.init)
 .init          0x80013a20        0xc c:/ti/gcc-arm-none-eabi-6-2017-q1-update/bin/../lib/gcc/arm-none-eabi/6.3.1/hard/crti.o
                0x80013a20                _init
 .init          0x80013a2c        0xc c:/ti/gcc-arm-none-eabi-6-2017-q1-update/bin/../lib/gcc/arm-none-eabi/6.3.1/hard/crtn.o
 *(.fini)
 .fini          0x80013a38        0xc c:/ti/gcc-arm-none-eabi-6-2017-q1-update/bin/../lib/gcc/arm-none-eabi/6.3.1/hard/crti.o
                0x80013a38                _fini
 .fini          0x80013a44        0xc c:/ti/gcc-arm-none-eabi-6-2017-q1-update/bin/../lib/gcc/arm-none-eabi/6.3.1/hard/crtn.o
 *crtbegin.o(.ctors)
 *crtbegin?.o(.ctors)
 *(EXCLUDE_FILE(*crtend.o *crtend?.o) .ctors)
 *(SORT(.ctors.*))
 *(.ctors)
 *crtbegin.o(.dtors)
 *crtbegin?.o(.dtors)
 *(EXCLUDE_FILE(*crtend.o *crtend?.o) .dtors)
 *(SORT(.dtors.*))
 *(.dtors)
 *(.rodata*)
 .rodata        0x80013a50       0xe4 ./qspi_app.o
 .rodata        0x80013b34      0x200 ./flash_writer/crc16.o
 .rodata        0x80013d34   0x5bd6a0 ./flash_writer/flash_writer_app_main.o
 .rodata._global_impure_ptr
                0x805d13d4        0x4 c:/ti/gcc-arm-none-eabi-6-2017-q1-update/bin/../lib/gcc/arm-none-eabi/6.3.1/../../../../arm-none-eabi/lib/hard\libc.a(lib_a-impure.o)
                0x805d13d4                _global_impure_ptr
 .rodata.BOARDGetDeviceCtrlModId.str1.4
                0x805d13d8       0x15 ../libboard.a(board.o)
 *fill*         0x805d13ed        0x3 
 .rodata.BOARDINITPARAMS_DEFAULT
                0x805d13f0        0xc ../libboard.a(board.o)
                0x805d13f0                BOARDINITPARAMS_DEFAULT
 .rodata.BOARDPowerOnDevice.str1.4
                0x805d13fc       0x4f ../libboard.a(board.o)
 *fill*         0x805d144b        0x1 
 .rodata.BOARDPrintInfo.str1.4
                0x805d144c       0x60 ../libboard.a(board.o)
 .rodata.BOARDResetDevice.str1.4
                0x805d14ac       0x17 ../libboard.a(board.o)
 *fill*         0x805d14c3        0x1 
 .rodata.BOARDSelectDevice.str1.4
                0x805d14c4       0x18 ../libboard.a(board.o)
 .rodata.gBoardIdStrTable
                0x805d14dc       0x58 ../libboard.a(board.o)
 .rodata.str1.4
                0x805d1534       0x6b ../libboard.a(board.o)
 .rodata.DCARDGetDeviceCtrlModId.str1.4
                0x805d159f       0x15 ../libboard.a(dcard.o)
 .rodata.PLATFORMGetString.str1.4
                0x805d159f       0x6b ../libboard.a(platform.o)
                                  0x4 (size before relaxing)
 *fill*         0x805d159f        0x1 
 .rodata.PLATFORMPrintInfo.str1.4
                0x805d15a0       0x20 ../libboard.a(platform.o)
 .rodata.BoardGetIdAm43xx.str1.4
                0x805d15c0       0x39 ../libboard.a(board_am43xx.o)
 *fill*         0x805d15f9        0x3 
 .rodata.gpBoardAm43xxData
                0x805d15fc       0x44 ../libboard.a(board_am43xx.o)
 .rodata.BoardAm43xxGpevmLcdDeviceSelect.str1.4
                0x805d1640       0x40 ../libboard.a(am43xx_gpevm.o)
 .rodata.gBoardAm43xxGpevmData
                0x805d1680       0x20 ../libboard.a(am43xx_gpevm.o)
                0x805d1680                gBoardAm43xxGpevmData
 .rodata.gBoardAm43xxGpevmDevData
                0x805d16a0      0x2a8 ../libboard.a(am43xx_gpevm.o)
                0x805d16a0                gBoardAm43xxGpevmDevData
 .rodata.str1.4
                0x805d1948       0x18 ../libboard.a(am43xx_gpevm.o)
                                 0x20 (size before relaxing)
 .rodata.gBoardAm43xxEvmskData
                0x805d1960       0x20 ../libboard.a(am43xx_evmsk.o)
                0x805d1960                gBoardAm43xxEvmskData
 .rodata.gBoardAm43xxEvmskDevData
                0x805d1980      0x168 ../libboard.a(am43xx_evmsk.o)
                0x805d1980                gBoardAm43xxEvmskDevData
 .rodata.str1.4
                0x805d1ae8        0x7 ../libboard.a(am43xx_evmsk.o)
                                  0xf (size before relaxing)
 *fill*         0x805d1aef        0x1 
 .rodata.gBoardAm43xxIdkevmData
                0x805d1af0       0x20 ../libboard.a(am43xx_idkevm.o)
                0x805d1af0                gBoardAm43xxIdkevmData
 .rodata.gBoardAm43xxIdkevmDevData
                0x805d1b10      0x2a8 ../libboard.a(am43xx_idkevm.o)
                0x805d1b10                gBoardAm43xxIdkevmDevData
 .rodata.str1.4
                0x805d1db8        0xd ../libboard.a(am43xx_idkevm.o)
 .rodata.gBoardAm43xxEposevmData
                0x805d1db8       0x20 ../libboard.a(am43xx_eposevm.o)
                0x805d1db8                gBoardAm43xxEposevmData
 .rodata.gBoardAm43xxEposevmDevData
                0x805d1dd8       0x50 ../libboard.a(am43xx_eposevm.o)
                0x805d1dd8                gBoardAm43xxEposevmDevData
 .rodata.str1.4
                0x805d1e28        0x5 ../libboard.a(am43xx_eposevm.o)
                                 0x15 (size before relaxing)
 *fill*         0x805d1e2d        0x3 
 .rodata.gBoardAm43xxCustomData
                0x805d1e30       0x20 ../libboard.a(am43xx_custom.o)
                0x805d1e30                gBoardAm43xxCustomData
 .rodata.str1.4
                0x805d1e50        0x5 ../libboard.a(am43xx_custom.o)
                                  0x1 (size before relaxing)
 .rodata        0x805d1e50       0x38 ../libqspi_lib.a(qspi_lib.o)
 .rodata.SOCGetCoreName.str1.4
                0x805d1e88        0x3 ../libsoc.a(soc.o)
 *fill*         0x805d1e8b        0x1 
 .rodata.SOCGetSocFamilyName.str1.4