AR compm16_hxilinx_clk_gen compm16_hxilinx_clk_gen_v "C:/Users/76053/Documents/Branson/Proyectos/Next Generation/FPGA/GSX_FPGA/CLK_GEN.vhf" sub00/vhpl51 1626540140
EN or2clk NULL "C:/Users/76053/Documents/Branson/Proyectos/Next Generation/FPGA/GSX_FPGA/or2clk.vhd" sub00/vhpl04 1626540093
EN errstat_muser_fpga_dups_main NULL "C:/Users/76053/Documents/Branson/Proyectos/Next Generation/FPGA/GSX_FPGA/FPGA_DUPS_Main.vhf" sub00/vhpl60 1626540149
EN counter23 NULL "C:/Users/76053/Documents/Branson/Proyectos/Next Generation/FPGA/GSX_FPGA/counter23.vhd" sub00/vhpl10 1626540099
AR clk_gen behavioral "C:/Users/76053/Documents/Branson/Proyectos/Next Generation/FPGA/GSX_FPGA/CLK_GEN.vhf" sub00/vhpl55 1626540144
AR errstat behavioral "C:/Users/76053/Documents/Branson/Proyectos/Next Generation/FPGA/GSX_FPGA/ERRSTAT.vhf" sub00/vhpl67 1626540156
EN rst_deb_1 NULL "C:/Users/76053/Documents/Branson/Proyectos/Next Generation/FPGA/GSX_FPGA/RST_DEB_1.vhd" sub00/vhpl22 1626540111
EN rst_deb_2 NULL "C:/Users/76053/Documents/Branson/Proyectos/Next Generation/FPGA/GSX_FPGA/RST_DEB_2.vhd" sub00/vhpl24 1626540113
EN counter3cr NULL "C:/Users/76053/Documents/Branson/Proyectos/Next Generation/FPGA/GSX_FPGA/ipcore_dir/counter3cr.vhd" sub00/vhpl08 1626540097
EN ftc_hxilinx_fpga_dups NULL "C:/Users/76053/Documents/Branson/Proyectos/Next Generation/FPGA/GSX_FPGA/FPGA_DUPS.vhf" sub00/vhpl28 1626540117
EN errstat_muser_fpga_dups NULL "C:/Users/76053/Documents/Branson/Proyectos/Next Generation/FPGA/GSX_FPGA/FPGA_DUPS.vhf" sub00/vhpl38 1626540127
AR clkman_3 behavioral "C:/Users/76053/Documents/Branson/Proyectos/Next Generation/FPGA/GSX_FPGA/CLKMAN_3.vhd" sub00/vhpl17 1626540106
EN clk_gen NULL "C:/Users/76053/Documents/Branson/Proyectos/Next Generation/FPGA/GSX_FPGA/CLK_GEN.vhf" sub00/vhpl54 1626540143
AR up_spi_if behavioral "C:/Users/76053/Documents/Branson/Proyectos/Next Generation/FPGA/GSX_FPGA/uP_SPI_IF.vhf" sub00/vhpl69 1626540158
AR errstat_muser_fpga_dups behavioral "C:/Users/76053/Documents/Branson/Proyectos/Next Generation/FPGA/GSX_FPGA/FPGA_DUPS.vhf" sub00/vhpl39 1626540128
AR and7_hxilinx_clk_gen and7_hxilinx_clk_gen_v "C:/Users/76053/Documents/Branson/Proyectos/Next Generation/FPGA/GSX_FPGA/CLK_GEN.vhf" sub00/vhpl53 1626540142
AR clkman_1 behavioral "C:/Users/76053/Documents/Branson/Proyectos/Next Generation/FPGA/GSX_FPGA/CLKMAN_1.vhd" sub00/vhpl13 1626540102
AR pwm_dds behavioral "C:/Users/76053/Documents/Branson/Proyectos/Next Generation/FPGA/GSX_FPGA/PWM_DDS.vhd" sub00/vhpl07 1626540096
AR counter3cr counter3cr_a "C:/Users/76053/Documents/Branson/Proyectos/Next Generation/FPGA/GSX_FPGA/ipcore_dir/counter3cr.vhd" sub00/vhpl09 1626540098
AR up_spi_if_muser_fpga_dups_main behavioral "C:/Users/76053/Documents/Branson/Proyectos/Next Generation/FPGA/GSX_FPGA/FPGA_DUPS_Main.vhf" sub00/vhpl59 1626540148
EN m2_1_hxilinx_fpga_dups_main NULL "C:/Users/76053/Documents/Branson/Proyectos/Next Generation/FPGA/GSX_FPGA/FPGA_DUPS_Main.vhf" sub00/vhpl56 1626540145
AR cc16ce_hxilinx_clk_gen behavioral "C:/Users/76053/Documents/Branson/Proyectos/Next Generation/FPGA/GSX_FPGA/CLK_GEN.vhf" sub00/vhpl47 1626540136
EN clkman_1 NULL "C:/Users/76053/Documents/Branson/Proyectos/Next Generation/FPGA/GSX_FPGA/CLKMAN_1.vhd" sub00/vhpl12 1626540101
AR ftc_hxilinx_clk_gen behavioral "C:/Users/76053/Documents/Branson/Proyectos/Next Generation/FPGA/GSX_FPGA/CLK_GEN.vhf" sub00/vhpl49 1626540138
EN clkman_2 NULL "C:/Users/76053/Documents/Branson/Proyectos/Next Generation/FPGA/GSX_FPGA/CLKMAN_2.vhd" sub00/vhpl14 1626540103
AR m2_1_hxilinx_fpga_dups_main m2_1_hxilinx_fpga_dups_main_v "C:/Users/76053/Documents/Branson/Proyectos/Next Generation/FPGA/GSX_FPGA/FPGA_DUPS_Main.vhf" sub00/vhpl57 1626540146
EN clkman_3 NULL "C:/Users/76053/Documents/Branson/Proyectos/Next Generation/FPGA/GSX_FPGA/CLKMAN_3.vhd" sub00/vhpl16 1626540105
EN clkman_4 NULL "C:/Users/76053/Documents/Branson/Proyectos/Next Generation/FPGA/GSX_FPGA/CLKMAN_4.vhd" sub00/vhpl18 1626540107
AR fpga_dups_main behavioral "C:/Users/76053/Documents/Branson/Proyectos/Next Generation/FPGA/GSX_FPGA/FPGA_DUPS_Main.vhf" sub00/vhpl63 1626540152
AR fbif_spiif structure "C:/Users/76053/Documents/Branson/Proyectos/Next Generation/FPGA/GSX_FPGA/FBIF_SPIIF.vhd" sub00/vhpl01 1626540090
AR fpga_dups_main_muser_fpga_dups behavioral "C:/Users/76053/Documents/Branson/Proyectos/Next Generation/FPGA/GSX_FPGA/FPGA_DUPS.vhf" sub00/vhpl41 1626540130
AR counter23 behavioral "C:/Users/76053/Documents/Branson/Proyectos/Next Generation/FPGA/GSX_FPGA/counter23.vhd" sub00/vhpl11 1626540100
EN up_spi_if_muser_fpga_dups_main NULL "C:/Users/76053/Documents/Branson/Proyectos/Next Generation/FPGA/GSX_FPGA/FPGA_DUPS_Main.vhf" sub00/vhpl58 1626540147
EN cc16ce_hxilinx_clk_gen NULL "C:/Users/76053/Documents/Branson/Proyectos/Next Generation/FPGA/GSX_FPGA/CLK_GEN.vhf" sub00/vhpl46 1626540135
EN clk_gen_muser_fpga_dups NULL "C:/Users/76053/Documents/Branson/Proyectos/Next Generation/FPGA/GSX_FPGA/FPGA_DUPS.vhf" sub00/vhpl42 1626540131
EN errstat NULL "C:/Users/76053/Documents/Branson/Proyectos/Next Generation/FPGA/GSX_FPGA/ERRSTAT.vhf" sub00/vhpl66 1626540155
EN fpga_dups NULL "C:/Users/76053/Documents/Branson/Proyectos/Next Generation/FPGA/GSX_FPGA/FPGA_DUPS.vhf" sub00/vhpl44 1626540133
AR fpga_dups behavioral "C:/Users/76053/Documents/Branson/Proyectos/Next Generation/FPGA/GSX_FPGA/FPGA_DUPS.vhf" sub00/vhpl45 1626540134
EN compm16_hxilinx_fpga_dups NULL "C:/Users/76053/Documents/Branson/Proyectos/Next Generation/FPGA/GSX_FPGA/FPGA_DUPS.vhf" sub00/vhpl30 1626540119
AR and7_hxilinx_fpga_dups and7_hxilinx_fpga_dups_v "C:/Users/76053/Documents/Branson/Proyectos/Next Generation/FPGA/GSX_FPGA/FPGA_DUPS.vhf" sub00/vhpl35 1626540124
EN fpga_dups_main_muser_fpga_dups NULL "C:/Users/76053/Documents/Branson/Proyectos/Next Generation/FPGA/GSX_FPGA/FPGA_DUPS.vhf" sub00/vhpl40 1626540129
AR or2clk behavioral "C:/Users/76053/Documents/Branson/Proyectos/Next Generation/FPGA/GSX_FPGA/or2clk.vhd" sub00/vhpl05 1626540094
AR clk_gen_muser_fpga_dups behavioral "C:/Users/76053/Documents/Branson/Proyectos/Next Generation/FPGA/GSX_FPGA/FPGA_DUPS.vhf" sub00/vhpl43 1626540132
EN cc16ce_hxilinx_fpga_dups NULL "C:/Users/76053/Documents/Branson/Proyectos/Next Generation/FPGA/GSX_FPGA/FPGA_DUPS.vhf" sub00/vhpl26 1626540115
AR rst_deb_1 structure "C:/Users/76053/Documents/Branson/Proyectos/Next Generation/FPGA/GSX_FPGA/RST_DEB_1.vhd" sub00/vhpl23 1626540112
EN and7_hxilinx_clk_gen NULL "C:/Users/76053/Documents/Branson/Proyectos/Next Generation/FPGA/GSX_FPGA/CLK_GEN.vhf" sub00/vhpl52 1626540141
AR clock_manager behavioral "C:/Users/76053/Documents/Branson/Proyectos/Next Generation/FPGA/GSX_FPGA/CLOCK_MANAGER.vhd" sub00/vhpl21 1626540110
AR clkman_4 behavioral "C:/Users/76053/Documents/Branson/Proyectos/Next Generation/FPGA/GSX_FPGA/CLKMAN_4.vhd" sub00/vhpl19 1626540108
EN copy_of_and2 NULL "C:/Users/76053/Documents/Branson/Proyectos/Next Generation/FPGA/GSX_FPGA/copy_of_and2.vhd" sub00/vhpl64 1626540153
AR rst_deb_2 structure "C:/Users/76053/Documents/Branson/Proyectos/Next Generation/FPGA/GSX_FPGA/RST_DEB_2.vhd" sub00/vhpl25 1626540114
AR clkman_2 behavioral "C:/Users/76053/Documents/Branson/Proyectos/Next Generation/FPGA/GSX_FPGA/CLKMAN_2.vhd" sub00/vhpl15 1626540104
EN clock_manager NULL "C:/Users/76053/Documents/Branson/Proyectos/Next Generation/FPGA/GSX_FPGA/CLOCK_MANAGER.vhd" sub00/vhpl20 1626540109
EN and7_hxilinx_fpga_dups NULL "C:/Users/76053/Documents/Branson/Proyectos/Next Generation/FPGA/GSX_FPGA/FPGA_DUPS.vhf" sub00/vhpl34 1626540123
AR fd2c behavioral "C:/Users/76053/Documents/Branson/Proyectos/Next Generation/FPGA/GSX_FPGA/fd2c.vhd" sub00/vhpl03 1626540092
AR m2_1_hxilinx_fpga_dups m2_1_hxilinx_fpga_dups_v "C:/Users/76053/Documents/Branson/Proyectos/Next Generation/FPGA/GSX_FPGA/FPGA_DUPS.vhf" sub00/vhpl33 1626540122
AR compm16_hxilinx_fpga_dups compm16_hxilinx_fpga_dups_v "C:/Users/76053/Documents/Branson/Proyectos/Next Generation/FPGA/GSX_FPGA/FPGA_DUPS.vhf" sub00/vhpl31 1626540120
EN fpga_dups_main NULL "C:/Users/76053/Documents/Branson/Proyectos/Next Generation/FPGA/GSX_FPGA/FPGA_DUPS_Main.vhf" sub00/vhpl62 1626540151
EN pwm_dds NULL "C:/Users/76053/Documents/Branson/Proyectos/Next Generation/FPGA/GSX_FPGA/PWM_DDS.vhd" sub00/vhpl06 1626540095
EN fd2c NULL "C:/Users/76053/Documents/Branson/Proyectos/Next Generation/FPGA/GSX_FPGA/fd2c.vhd" sub00/vhpl02 1626540091
AR ftc_hxilinx_fpga_dups behavioral "C:/Users/76053/Documents/Branson/Proyectos/Next Generation/FPGA/GSX_FPGA/FPGA_DUPS.vhf" sub00/vhpl29 1626540118
AR cc16ce_hxilinx_fpga_dups behavioral "C:/Users/76053/Documents/Branson/Proyectos/Next Generation/FPGA/GSX_FPGA/FPGA_DUPS.vhf" sub00/vhpl27 1626540116
AR copy_of_and2 behavioral "C:/Users/76053/Documents/Branson/Proyectos/Next Generation/FPGA/GSX_FPGA/copy_of_and2.vhd" sub00/vhpl65 1626540154
EN compm16_hxilinx_clk_gen NULL "C:/Users/76053/Documents/Branson/Proyectos/Next Generation/FPGA/GSX_FPGA/CLK_GEN.vhf" sub00/vhpl50 1626540139
EN ftc_hxilinx_clk_gen NULL "C:/Users/76053/Documents/Branson/Proyectos/Next Generation/FPGA/GSX_FPGA/CLK_GEN.vhf" sub00/vhpl48 1626540137
EN up_spi_if NULL "C:/Users/76053/Documents/Branson/Proyectos/Next Generation/FPGA/GSX_FPGA/uP_SPI_IF.vhf" sub00/vhpl68 1626540157
AR errstat_muser_fpga_dups_main behavioral "C:/Users/76053/Documents/Branson/Proyectos/Next Generation/FPGA/GSX_FPGA/FPGA_DUPS_Main.vhf" sub00/vhpl61 1626540150
AR up_spi_if_muser_fpga_dups behavioral "C:/Users/76053/Documents/Branson/Proyectos/Next Generation/FPGA/GSX_FPGA/FPGA_DUPS.vhf" sub00/vhpl37 1626540126
EN m2_1_hxilinx_fpga_dups NULL "C:/Users/76053/Documents/Branson/Proyectos/Next Generation/FPGA/GSX_FPGA/FPGA_DUPS.vhf" sub00/vhpl32 1626540121
EN fbif_spiif NULL "C:/Users/76053/Documents/Branson/Proyectos/Next Generation/FPGA/GSX_FPGA/FBIF_SPIIF.vhd" sub00/vhpl00 1626540089
EN up_spi_if_muser_fpga_dups NULL "C:/Users/76053/Documents/Branson/Proyectos/Next Generation/FPGA/GSX_FPGA/FPGA_DUPS.vhf" sub00/vhpl36 1626540125
